Archive member included to satisfy reference by file (symbol)

c:/st/stm32cubeide_1.3.0/stm32cubeide/plugins/com.st.stm32cube.ide.mcu.externaltools.gnu-tools-for-stm32.7-2018-q2-update.win32_1.4.0.202007081208/tools/bin/../lib/gcc/arm-none-eabi/7.3.1/../../../../arm-none-eabi/lib/thumb/v7e-m/fpv4-sp/hard\libc_nano.a(lib_a-errno.o)
                              Core/Src/syscalls.o (__errno)
c:/st/stm32cubeide_1.3.0/stm32cubeide/plugins/com.st.stm32cube.ide.mcu.externaltools.gnu-tools-for-stm32.7-2018-q2-update.win32_1.4.0.202007081208/tools/bin/../lib/gcc/arm-none-eabi/7.3.1/../../../../arm-none-eabi/lib/thumb/v7e-m/fpv4-sp/hard\libc_nano.a(lib_a-exit.o)
                              c:/st/stm32cubeide_1.3.0/stm32cubeide/plugins/com.st.stm32cube.ide.mcu.externaltools.gnu-tools-for-stm32.7-2018-q2-update.win32_1.4.0.202007081208/tools/bin/../lib/gcc/arm-none-eabi/7.3.1/../../../../arm-none-eabi/lib/thumb/v7e-m/fpv4-sp/hard/crt0.o (exit)
c:/st/stm32cubeide_1.3.0/stm32cubeide/plugins/com.st.stm32cube.ide.mcu.externaltools.gnu-tools-for-stm32.7-2018-q2-update.win32_1.4.0.202007081208/tools/bin/../lib/gcc/arm-none-eabi/7.3.1/../../../../arm-none-eabi/lib/thumb/v7e-m/fpv4-sp/hard\libc_nano.a(lib_a-impure.o)
                              c:/st/stm32cubeide_1.3.0/stm32cubeide/plugins/com.st.stm32cube.ide.mcu.externaltools.gnu-tools-for-stm32.7-2018-q2-update.win32_1.4.0.202007081208/tools/bin/../lib/gcc/arm-none-eabi/7.3.1/../../../../arm-none-eabi/lib/thumb/v7e-m/fpv4-sp/hard\libc_nano.a(lib_a-exit.o) (_global_impure_ptr)
c:/st/stm32cubeide_1.3.0/stm32cubeide/plugins/com.st.stm32cube.ide.mcu.externaltools.gnu-tools-for-stm32.7-2018-q2-update.win32_1.4.0.202007081208/tools/bin/../lib/gcc/arm-none-eabi/7.3.1/../../../../arm-none-eabi/lib/thumb/v7e-m/fpv4-sp/hard\libc_nano.a(lib_a-init.o)
                              c:/st/stm32cubeide_1.3.0/stm32cubeide/plugins/com.st.stm32cube.ide.mcu.externaltools.gnu-tools-for-stm32.7-2018-q2-update.win32_1.4.0.202007081208/tools/bin/../lib/gcc/arm-none-eabi/7.3.1/../../../../arm-none-eabi/lib/thumb/v7e-m/fpv4-sp/hard/crt0.o (__libc_init_array)
c:/st/stm32cubeide_1.3.0/stm32cubeide/plugins/com.st.stm32cube.ide.mcu.externaltools.gnu-tools-for-stm32.7-2018-q2-update.win32_1.4.0.202007081208/tools/bin/../lib/gcc/arm-none-eabi/7.3.1/../../../../arm-none-eabi/lib/thumb/v7e-m/fpv4-sp/hard\libc_nano.a(lib_a-memcpy-stub.o)
                              Middlewares/Third_Party/FreeRTOS/Source/CMSIS_RTOS_V2/cmsis_os2.o (memcpy)
c:/st/stm32cubeide_1.3.0/stm32cubeide/plugins/com.st.stm32cube.ide.mcu.externaltools.gnu-tools-for-stm32.7-2018-q2-update.win32_1.4.0.202007081208/tools/bin/../lib/gcc/arm-none-eabi/7.3.1/../../../../arm-none-eabi/lib/thumb/v7e-m/fpv4-sp/hard\libc_nano.a(lib_a-memset.o)
                              c:/st/stm32cubeide_1.3.0/stm32cubeide/plugins/com.st.stm32cube.ide.mcu.externaltools.gnu-tools-for-stm32.7-2018-q2-update.win32_1.4.0.202007081208/tools/bin/../lib/gcc/arm-none-eabi/7.3.1/../../../../arm-none-eabi/lib/thumb/v7e-m/fpv4-sp/hard/crt0.o (memset)
c:/st/stm32cubeide_1.3.0/stm32cubeide/plugins/com.st.stm32cube.ide.mcu.externaltools.gnu-tools-for-stm32.7-2018-q2-update.win32_1.4.0.202007081208/tools/bin/../lib/gcc/arm-none-eabi/7.3.1/../../../../arm-none-eabi/lib/thumb/v7e-m/fpv4-sp/hard\libc_nano.a(lib_a-rand.o)
                              Core/Src/main.o (rand)
c:/st/stm32cubeide_1.3.0/stm32cubeide/plugins/com.st.stm32cube.ide.mcu.externaltools.gnu-tools-for-stm32.7-2018-q2-update.win32_1.4.0.202007081208/tools/bin/../lib/gcc/arm-none-eabi/7.3.1/../../../../arm-none-eabi/lib/thumb/v7e-m/fpv4-sp/hard\libc_nano.a(lib_a-strlen.o)
                              Core/Src/main.o (strlen)
c:/st/stm32cubeide_1.3.0/stm32cubeide/plugins/com.st.stm32cube.ide.mcu.externaltools.gnu-tools-for-stm32.7-2018-q2-update.win32_1.4.0.202007081208/tools/bin/../lib/gcc/arm-none-eabi/7.3.1/../../../../arm-none-eabi/lib/thumb/v7e-m/fpv4-sp/hard\libc_nano.a(lib_a-malloc.o)
                              c:/st/stm32cubeide_1.3.0/stm32cubeide/plugins/com.st.stm32cube.ide.mcu.externaltools.gnu-tools-for-stm32.7-2018-q2-update.win32_1.4.0.202007081208/tools/bin/../lib/gcc/arm-none-eabi/7.3.1/../../../../arm-none-eabi/lib/thumb/v7e-m/fpv4-sp/hard\libc_nano.a(lib_a-rand.o) (malloc)
c:/st/stm32cubeide_1.3.0/stm32cubeide/plugins/com.st.stm32cube.ide.mcu.externaltools.gnu-tools-for-stm32.7-2018-q2-update.win32_1.4.0.202007081208/tools/bin/../lib/gcc/arm-none-eabi/7.3.1/../../../../arm-none-eabi/lib/thumb/v7e-m/fpv4-sp/hard\libc_nano.a(lib_a-nano-freer.o)
                              c:/st/stm32cubeide_1.3.0/stm32cubeide/plugins/com.st.stm32cube.ide.mcu.externaltools.gnu-tools-for-stm32.7-2018-q2-update.win32_1.4.0.202007081208/tools/bin/../lib/gcc/arm-none-eabi/7.3.1/../../../../arm-none-eabi/lib/thumb/v7e-m/fpv4-sp/hard\libc_nano.a(lib_a-malloc.o) (_free_r)
[...]
Memory Configuration

Name             Origin             Length             Attributes
CCMRAM           0x0000000010000000 0x0000000000010000 xrw
RAM              0x0000000020000000 0x0000000000020000 xrw
FLASH            0x0000000008000000 0x0000000000100000 xr
*default*        0x0000000000000000 0xffffffffffffffff

Linker script and memory map

LOAD c:/st/stm32cubeide_1.3.0/stm32cubeide/plugins/com.st.stm32cube.ide.mcu.externaltools.gnu-tools-for-stm32.7-2018-q2-update.win32_1.4.0.202007081208/tools/bin/../lib/gcc/arm-none-eabi/7.3.1/thumb/v7e-m/fpv4-sp/hard/crti.o
LOAD c:/st/stm32cubeide_1.3.0/stm32cubeide/plugins/com.st.stm32cube.ide.mcu.externaltools.gnu-tools-for-stm32.7-2018-q2-update.win32_1.4.0.202007081208/tools/bin/../lib/gcc/arm-none-eabi/7.3.1/thumb/v7e-m/fpv4-sp/hard/crtbegin.o
LOAD c:/st/stm32cubeide_1.3.0/stm32cubeide/plugins/com.st.stm32cube.ide.mcu.externaltools.gnu-tools-for-stm32.7-2018-q2-update.win32_1.4.0.202007081208/tools/bin/../lib/gcc/arm-none-eabi/7.3.1/../../../../arm-none-eabi/lib/thumb/v7e-m/fpv4-sp/hard/crt0.o
LOAD Core/Src/freertos.o
LOAD Core/Src/main.o
LOAD Core/Src/stm32f4xx_hal_msp.o
LOAD Core/Src/stm32f4xx_hal_timebase_tim.o
LOAD Core/Src/stm32f4xx_it.o
LOAD Core/Src/syscalls.o
LOAD Core/Src/sysmem.o
LOAD Core/Src/system_stm32f4xx.o
LOAD Core/Startup/startup_stm32f407vgtx.o
LOAD Drivers/STM32F4xx_HAL_Driver/Src/stm32f4xx_hal.o
LOAD Drivers/STM32F4xx_HAL_Driver/Src/stm32f4xx_hal_adc.o
LOAD Drivers/STM32F4xx_HAL_Driver/Src/stm32f4xx_hal_adc_ex.o
LOAD Drivers/STM32F4xx_HAL_Driver/Src/stm32f4xx_hal_cortex.o
LOAD Drivers/STM32F4xx_HAL_Driver/Src/stm32f4xx_hal_dma.o
LOAD Drivers/STM32F4xx_HAL_Driver/Src/stm32f4xx_hal_dma_ex.o
LOAD Drivers/STM32F4xx_HAL_Driver/Src/stm32f4xx_hal_exti.o
LOAD Drivers/STM32F4xx_HAL_Driver/Src/stm32f4xx_hal_flash.o
LOAD Drivers/STM32F4xx_HAL_Driver/Src/stm32f4xx_hal_flash_ex.o
LOAD Drivers/STM32F4xx_HAL_Driver/Src/stm32f4xx_hal_flash_ramfunc.o
LOAD Drivers/STM32F4xx_HAL_Driver/Src/stm32f4xx_hal_gpio.o
LOAD Drivers/STM32F4xx_HAL_Driver/Src/stm32f4xx_hal_i2c.o
LOAD Drivers/STM32F4xx_HAL_Driver/Src/stm32f4xx_hal_i2c_ex.o
LOAD Drivers/STM32F4xx_HAL_Driver/Src/stm32f4xx_hal_pcd.o
LOAD Drivers/STM32F4xx_HAL_Driver/Src/stm32f4xx_hal_pcd_ex.o
LOAD Drivers/STM32F4xx_HAL_Driver/Src/stm32f4xx_hal_pwr.o
LOAD Drivers/STM32F4xx_HAL_Driver/Src/stm32f4xx_hal_pwr_ex.o
LOAD Drivers/STM32F4xx_HAL_Driver/Src/stm32f4xx_hal_rcc.o
LOAD Drivers/STM32F4xx_HAL_Driver/Src/stm32f4xx_hal_rcc_ex.o
LOAD Drivers/STM32F4xx_HAL_Driver/Src/stm32f4xx_hal_spi.o
LOAD Drivers/STM32F4xx_HAL_Driver/Src/stm32f4xx_hal_tim.o
LOAD Drivers/STM32F4xx_HAL_Driver/Src/stm32f4xx_hal_tim_ex.o
LOAD Drivers/STM32F4xx_HAL_Driver/Src/stm32f4xx_hal_uart.o
LOAD Drivers/STM32F4xx_HAL_Driver/Src/stm32f4xx_ll_usb.o
LOAD Middlewares/Third_Party/FreeRTOS/Source/CMSIS_RTOS_V2/cmsis_os2.o
LOAD Middlewares/Third_Party/FreeRTOS/Source/croutine.o
LOAD Middlewares/Third_Party/FreeRTOS/Source/event_groups.o
LOAD Middlewares/Third_Party/FreeRTOS/Source/list.o
LOAD Middlewares/Third_Party/FreeRTOS/Source/queue.o
LOAD Middlewares/Third_Party/FreeRTOS/Source/stream_buffer.o
LOAD Middlewares/Third_Party/FreeRTOS/Source/tasks.o
LOAD Middlewares/Third_Party/FreeRTOS/Source/timers.o
LOAD Middlewares/Third_Party/FreeRTOS/Source/portable/GCC/ARM_CM4F/port.o
LOAD Middlewares/Third_Party/FreeRTOS/Source/portable/MemMang/heap_4.o
START GROUP
LOAD c:/st/stm32cubeide_1.3.0/stm32cubeide/plugins/com.st.stm32cube.ide.mcu.externaltools.gnu-tools-for-stm32.7-2018-q2-update.win32_1.4.0.202007081208/tools/bin/../lib/gcc/arm-none-eabi/7.3.1/../../../../arm-none-eabi/lib/thumb/v7e-m/fpv4-sp/hard\libc_nano.a
LOAD c:/st/stm32cubeide_1.3.0/stm32cubeide/plugins/com.st.stm32cube.ide.mcu.externaltools.gnu-tools-for-stm32.7-2018-q2-update.win32_1.4.0.202007081208/tools/bin/../lib/gcc/arm-none-eabi/7.3.1/../../../../arm-none-eabi/lib/thumb/v7e-m/fpv4-sp/hard\libm.a
END GROUP
START GROUP
LOAD c:/st/stm32cubeide_1.3.0/stm32cubeide/plugins/com.st.stm32cube.ide.mcu.externaltools.gnu-tools-for-stm32.7-2018-q2-update.win32_1.4.0.202007081208/tools/bin/../lib/gcc/arm-none-eabi/7.3.1/thumb/v7e-m/fpv4-sp/hard\libgcc.a
LOAD c:/st/stm32cubeide_1.3.0/stm32cubeide/plugins/com.st.stm32cube.ide.mcu.externaltools.gnu-tools-for-stm32.7-2018-q2-update.win32_1.4.0.202007081208/tools/bin/../lib/gcc/arm-none-eabi/7.3.1/../../../../arm-none-eabi/lib/thumb/v7e-m/fpv4-sp/hard\libc_nano.a
END GROUP
START GROUP
LOAD c:/st/stm32cubeide_1.3.0/stm32cubeide/plugins/com.st.stm32cube.ide.mcu.externaltools.gnu-tools-for-stm32.7-2018-q2-update.win32_1.4.0.202007081208/tools/bin/../lib/gcc/arm-none-eabi/7.3.1/thumb/v7e-m/fpv4-sp/hard\libgcc.a
LOAD c:/st/stm32cubeide_1.3.0/stm32cubeide/plugins/com.st.stm32cube.ide.mcu.externaltools.gnu-tools-for-stm32.7-2018-q2-update.win32_1.4.0.202007081208/tools/bin/../lib/gcc/arm-none-eabi/7.3.1/../../../../arm-none-eabi/lib/thumb/v7e-m/fpv4-sp/hard\libc_nano.a
LOAD c:/st/stm32cubeide_1.3.0/stm32cubeide/plugins/com.st.stm32cube.ide.mcu.externaltools.gnu-tools-for-stm32.7-2018-q2-update.win32_1.4.0.202007081208/tools/bin/../lib/gcc/arm-none-eabi/7.3.1/../../../../arm-none-eabi/lib/thumb/v7e-m/fpv4-sp/hard\libnosys.a
END GROUP
START GROUP
LOAD c:/st/stm32cubeide_1.3.0/stm32cubeide/plugins/com.st.stm32cube.ide.mcu.externaltools.gnu-tools-for-stm32.7-2018-q2-update.win32_1.4.0.202007081208/tools/bin/../lib/gcc/arm-none-eabi/7.3.1/thumb/v7e-m/fpv4-sp/hard\libgcc.a
LOAD c:/st/stm32cubeide_1.3.0/stm32cubeide/plugins/com.st.stm32cube.ide.mcu.externaltools.gnu-tools-for-stm32.7-2018-q2-update.win32_1.4.0.202007081208/tools/bin/../lib/gcc/arm-none-eabi/7.3.1/../../../../arm-none-eabi/lib/thumb/v7e-m/fpv4-sp/hard\libc_nano.a
LOAD c:/st/stm32cubeide_1.3.0/stm32cubeide/plugins/com.st.stm32cube.ide.mcu.externaltools.gnu-tools-for-stm32.7-2018-q2-update.win32_1.4.0.202007081208/tools/bin/../lib/gcc/arm-none-eabi/7.3.1/../../../../arm-none-eabi/lib/thumb/v7e-m/fpv4-sp/hard\libnosys.a
END GROUP
LOAD c:/st/stm32cubeide_1.3.0/stm32cubeide/plugins/com.st.stm32cube.ide.mcu.externaltools.gnu-tools-for-stm32.7-2018-q2-update.win32_1.4.0.202007081208/tools/bin/../lib/gcc/arm-none-eabi/7.3.1/thumb/v7e-m/fpv4-sp/hard/crtend.o
LOAD c:/st/stm32cubeide_1.3.0/stm32cubeide/plugins/com.st.stm32cube.ide.mcu.externaltools.gnu-tools-for-stm32.7-2018-q2-update.win32_1.4.0.202007081208/tools/bin/../lib/gcc/arm-none-eabi/7.3.1/thumb/v7e-m/fpv4-sp/hard/crtn.o
                0x0000000020020000                _estack = (ORIGIN (RAM) + LENGTH (RAM))
                0x0000000000000200                _Min_Heap_Size = 0x200
                0x0000000000000400                _Min_Stack_Size = 0x400

.isr_vector     0x0000000008000000      0x188
                0x0000000008000000                . = ALIGN (0x4)
 *(.isr_vector)
 .isr_vector    0x0000000008000000      0x188 Core/Startup/startup_stm32f407vgtx.o
                0x0000000008000000                g_pfnVectors
                0x0000000008000188                . = ALIGN (0x4)

.text           0x0000000008000190     0x8ed4
                0x0000000008000190                . = ALIGN (0x4)
 *(.text)
 .text          0x0000000008000190       0x40 c:/st/stm32cubeide_1.3.0/stm32cubeide/plugins/com.st.stm32cube.ide.mcu.externaltools.gnu-tools-for-stm32.7-2018-q2-update.win32_1.4.0.202007081208/tools/bin/../lib/gcc/arm-none-eabi/7.3.1/thumb/v7e-m/fpv4-sp/hard/crtbegin.o
 .text          0x00000000080001d0       0x30 c:/st/stm32cubeide_1.3.0/stm32cubeide/plugins/com.st.stm32cube.ide.mcu.externaltools.gnu-tools-for-stm32.7-2018-q2-update.win32_1.4.0.202007081208/tools/bin/../lib/gcc/arm-none-eabi/7.3.1/thumb/v7e-m/fpv4-sp/hard\libgcc.a(_aeabi_uldivmod.o)
                0x00000000080001d0                __aeabi_uldivmod
 .text          0x0000000008000200      0x2cc c:/st/stm32cubeide_1.3.0/stm32cubeide/plugins/com.st.stm32cube.ide.mcu.externaltools.gnu-tools-for-stm32.7-2018-q2-update.win32_1.4.0.202007081208/tools/bin/../lib/gcc/arm-none-eabi/7.3.1/thumb/v7e-m/fpv4-sp/hard\libgcc.a(_udivmoddi4.o)
                0x0000000008000200                __udivmoddi4
 .text          0x00000000080004cc        0x4 c:/st/stm32cubeide_1.3.0/stm32cubeide/plugins/com.st.stm32cube.ide.mcu.externaltools.gnu-tools-for-stm32.7-2018-q2-update.win32_1.4.0.202007081208/tools/bin/../lib/gcc/arm-none-eabi/7.3.1/thumb/v7e-m/fpv4-sp/hard\libgcc.a(_dvmd_tls.o)
                0x00000000080004cc                __aeabi_idiv0
                0x00000000080004cc                __aeabi_ldiv0
 *(.text*)
 .text.FEES_Init
                0x00000000080004d0      0x36c Core/Src/main.o
                0x00000000080004d0                FEES_Init
 .text.FEES_Pin_ON
                0x000000000800083c       0x20 Core/Src/main.o
                0x000000000800083c                FEES_Pin_ON
 .text.FEES_Pin_OFF
                0x000000000800085c       0x20 Core/Src/main.o
                0x000000000800085c                FEES_Pin_OFF
 .text.FEES_Pin_Toggle
                0x000000000800087c       0x9c Core/Src/main.o
                0x000000000800087c                FEES_Pin_Toggle
 .text.FEES_TestPins
                0x0000000008000918      0x1f0 Core/Src/main.o
                0x0000000008000918                FEES_TestPins
 .text.FEES_Startup_PWM_BATTERY
                0x0000000008000b08      0x148 Core/Src/main.o
                0x0000000008000b08                FEES_Startup_PWM_BATTERY
 .text.main     0x0000000008000c50      0x11c Core/Src/main.o
                0x0000000008000c50                main
 .text.SystemClock_Config
                0x0000000008000d6c       0xd0 Core/Src/main.o
                0x0000000008000d6c                SystemClock_Config
 .text.MX_ADC1_Init
                0x0000000008000e3c       0xa4 Core/Src/main.o
 .text.MX_I2C1_Init
                0x0000000008000ee0       0x5c Core/Src/main.o
 .text.MX_I2C2_Init
                0x0000000008000f3c       0x5c Core/Src/main.o
 .text.MX_SPI1_Init
                0x0000000008000f98       0x6c Core/Src/main.o
 .text.MX_SPI2_Init
                0x0000000008001004       0x6c Core/Src/main.o
 .text.MX_SPI3_Init
                0x0000000008001070       0x6c Core/Src/main.o
 .text.MX_TIM2_Init
                0x00000000080010dc      0x120 Core/Src/main.o
 .text.MX_TIM3_Init
                0x00000000080011fc       0xb4 Core/Src/main.o
 .text.MX_USART1_UART_Init
                0x00000000080012b0       0x54 Core/Src/main.o
 .text.MX_USART2_UART_Init
                0x0000000008001304       0x54 Core/Src/main.o
 .text.MX_USART3_UART_Init
                0x0000000008001358       0x54 Core/Src/main.o
 .text.MX_USART6_UART_Init
                0x00000000080013ac       0x54 Core/Src/main.o
 .text.MX_USB_OTG_FS_PCD_Init
                0x0000000008001400       0x5c Core/Src/main.o
 .text.MX_GPIO_Init
                0x000000000800145c      0x1ec Core/Src/main.o
 .text.StartDefaultTask
                0x0000000008001648        0xa Core/Src/main.o
                0x0000000008001648                StartDefaultTask
 *fill*         0x0000000008001652        0x2 
 .text.Task01   0x0000000008001654       0x3c Core/Src/main.o
                0x0000000008001654                Task01
 .text.Task02   0x0000000008001690       0x10 Core/Src/main.o
                0x0000000008001690                Task02
 .text.Task03   0x00000000080016a0       0x12 Core/Src/main.o
                0x00000000080016a0                Task03
 .text.Task04   0x00000000080016b2       0x12 Core/Src/main.o
                0x00000000080016b2                Task04
 .text.Task05   0x00000000080016c4       0x20 Core/Src/main.o
                0x00000000080016c4                Task05
 .text.Task06   0x00000000080016e4       0x10 Core/Src/main.o
                0x00000000080016e4                Task06
 .text.HAL_TIM_PeriodElapsedCallback
                0x00000000080016f4       0x24 Core/Src/main.o
                0x00000000080016f4                HAL_TIM_PeriodElapsedCallback
 .text.Error_Handler
                0x0000000008001718        0xe Core/Src/main.o
                0x0000000008001718                Error_Handler
 *fill*         0x0000000008001726        0x2 
 .text.HAL_MspInit
                0x0000000008001728       0x50 Core/Src/stm32f4xx_hal_msp.o
                0x0000000008001728                HAL_MspInit
 .text.HAL_ADC_MspInit
                0x0000000008001778       0x44 Core/Src/stm32f4xx_hal_msp.o
                0x0000000008001778                HAL_ADC_MspInit
 .text.HAL_I2C_MspInit
                0x00000000080017bc       0xfc Core/Src/stm32f4xx_hal_msp.o
                0x00000000080017bc                HAL_I2C_MspInit
 .text.HAL_SPI_MspInit
                0x00000000080018b8      0x16c Core/Src/stm32f4xx_hal_msp.o
                0x00000000080018b8                HAL_SPI_MspInit
 .text.HAL_TIM_Base_MspInit
                0x0000000008001a24       0x40 Core/Src/stm32f4xx_hal_msp.o
                0x0000000008001a24                HAL_TIM_Base_MspInit
 .text.HAL_TIM_PWM_MspInit
                0x0000000008001a64       0x44 Core/Src/stm32f4xx_hal_msp.o
                0x0000000008001a64                HAL_TIM_PWM_MspInit
 .text.HAL_TIM_MspPostInit
                0x0000000008001aa8       0xc0 Core/Src/stm32f4xx_hal_msp.o
                0x0000000008001aa8                HAL_TIM_MspPostInit
 .text.HAL_UART_MspInit
                0x0000000008001b68      0x1d0 Core/Src/stm32f4xx_hal_msp.o
                0x0000000008001b68                HAL_UART_MspInit
 .text.HAL_PCD_MspInit
                0x0000000008001d38       0xc4 Core/Src/stm32f4xx_hal_msp.o
                0x0000000008001d38                HAL_PCD_MspInit
 .text.HAL_InitTick
                0x0000000008001dfc       0xb0 Core/Src/stm32f4xx_hal_timebase_tim.o
                0x0000000008001dfc                HAL_InitTick
 .text.NMI_Handler
                0x0000000008001eac        0xe Core/Src/stm32f4xx_it.o
                0x0000000008001eac                NMI_Handler
 .text.HardFault_Handler
                0x0000000008001eba        0x6 Core/Src/stm32f4xx_it.o
                0x0000000008001eba                HardFault_Handler
 .text.MemManage_Handler
                0x0000000008001ec0        0x6 Core/Src/stm32f4xx_it.o
                0x0000000008001ec0                MemManage_Handler
 .text.BusFault_Handler
                0x0000000008001ec6        0x6 Core/Src/stm32f4xx_it.o
                0x0000000008001ec6                BusFault_Handler
 .text.UsageFault_Handler
                0x0000000008001ecc        0x6 Core/Src/stm32f4xx_it.o
                0x0000000008001ecc                UsageFault_Handler
 .text.DebugMon_Handler
                0x0000000008001ed2        0xe Core/Src/stm32f4xx_it.o
                0x0000000008001ed2                DebugMon_Handler
 .text.TIM6_DAC_IRQHandler
                0x0000000008001ee0       0x14 Core/Src/stm32f4xx_it.o
                0x0000000008001ee0                TIM6_DAC_IRQHandler
 .text.OTG_FS_IRQHandler
                0x0000000008001ef4       0x14 Core/Src/stm32f4xx_it.o
                0x0000000008001ef4                OTG_FS_IRQHandler
 .text.SystemInit
                0x0000000008001f08       0x2c Core/Src/system_stm32f4xx.o
                0x0000000008001f08                SystemInit
 .text.Reset_Handler
                0x0000000008001f34       0x50 Core/Startup/startup_stm32f407vgtx.o
                0x0000000008001f34                Reset_Handler
 .text.Default_Handler
                0x0000000008001f84        0x2 Core/Startup/startup_stm32f407vgtx.o
                0x0000000008001f84                RTC_Alarm_IRQHandler
                0x0000000008001f84                HASH_RNG_IRQHandler
                0x0000000008001f84                EXTI2_IRQHandler
                0x0000000008001f84                TIM8_CC_IRQHandler
                0x0000000008001f84                TIM1_CC_IRQHandler
                0x0000000008001f84                DMA2_Stream5_IRQHandler
                0x0000000008001f84                DMA1_Stream5_IRQHandler
                0x0000000008001f84                PVD_IRQHandler
                0x0000000008001f84                SDIO_IRQHandler
                0x0000000008001f84                TAMP_STAMP_IRQHandler
                0x0000000008001f84                CAN2_RX1_IRQHandler
                0x0000000008001f84                EXTI3_IRQHandler
                0x0000000008001f84                TIM8_TRG_COM_TIM14_IRQHandler
                0x0000000008001f84                TIM1_UP_TIM10_IRQHandler
                0x0000000008001f84                TIM8_UP_TIM13_IRQHandler
                0x0000000008001f84                I2C3_ER_IRQHandler
                0x0000000008001f84                EXTI0_IRQHandler
                0x0000000008001f84                I2C2_EV_IRQHandler
                0x0000000008001f84                DMA1_Stream2_IRQHandler
                0x0000000008001f84                CAN1_RX0_IRQHandler
                0x0000000008001f84                FPU_IRQHandler
                0x0000000008001f84                OTG_HS_WKUP_IRQHandler
                0x0000000008001f84                CAN2_SCE_IRQHandler
                0x0000000008001f84                DMA2_Stream2_IRQHandler
                0x0000000008001f84                SPI1_IRQHandler
                0x0000000008001f84                TIM1_BRK_TIM9_IRQHandler
                0x0000000008001f84                DCMI_IRQHandler
                0x0000000008001f84                CAN2_RX0_IRQHandler
                0x0000000008001f84                DMA2_Stream3_IRQHandler
                0x0000000008001f84                USART6_IRQHandler
                0x0000000008001f84                USART3_IRQHandler
                0x0000000008001f84                CAN1_RX1_IRQHandler
                0x0000000008001f84                UART5_IRQHandler
                0x0000000008001f84                DMA2_Stream0_IRQHandler
                0x0000000008001f84                TIM4_IRQHandler
                0x0000000008001f84                I2C1_EV_IRQHandler
                0x0000000008001f84                DMA1_Stream6_IRQHandler
                0x0000000008001f84                DMA1_Stream1_IRQHandler
                0x0000000008001f84                UART4_IRQHandler
                0x0000000008001f84                TIM3_IRQHandler
                0x0000000008001f84                RCC_IRQHandler
                0x0000000008001f84                TIM8_BRK_TIM12_IRQHandler
                0x0000000008001f84                Default_Handler
                0x0000000008001f84                EXTI15_10_IRQHandler
                0x0000000008001f84                ADC_IRQHandler
                0x0000000008001f84                DMA1_Stream7_IRQHandler
                0x0000000008001f84                TIM7_IRQHandler
                0x0000000008001f84                CAN2_TX_IRQHandler
                0x0000000008001f84                TIM5_IRQHandler
                0x0000000008001f84                DMA2_Stream7_IRQHandler
                0x0000000008001f84                I2C3_EV_IRQHandler
                0x0000000008001f84                EXTI9_5_IRQHandler
                0x0000000008001f84                RTC_WKUP_IRQHandler
                0x0000000008001f84                ETH_WKUP_IRQHandler
                0x0000000008001f84                SPI2_IRQHandler
                0x0000000008001f84                OTG_HS_EP1_IN_IRQHandler
                0x0000000008001f84                DMA1_Stream0_IRQHandler
                0x0000000008001f84                CAN1_TX_IRQHandler
                0x0000000008001f84                EXTI4_IRQHandler
                0x0000000008001f84                FSMC_IRQHandler
                0x0000000008001f84                ETH_IRQHandler
                0x0000000008001f84                OTG_HS_EP1_OUT_IRQHandler
                0x0000000008001f84                WWDG_IRQHandler
                0x0000000008001f84                TIM2_IRQHandler
                0x0000000008001f84                OTG_FS_WKUP_IRQHandler
                0x0000000008001f84                TIM1_TRG_COM_TIM11_IRQHandler
                0x0000000008001f84                OTG_HS_IRQHandler
                0x0000000008001f84                EXTI1_IRQHandler
                0x0000000008001f84                USART2_IRQHandler
                0x0000000008001f84                I2C2_ER_IRQHandler
                0x0000000008001f84                DMA2_Stream1_IRQHandler
                0x0000000008001f84                CAN1_SCE_IRQHandler
                0x0000000008001f84                FLASH_IRQHandler
                0x0000000008001f84                DMA2_Stream4_IRQHandler
                0x0000000008001f84                USART1_IRQHandler
                0x0000000008001f84                SPI3_IRQHandler
                0x0000000008001f84                DMA1_Stream4_IRQHandler
                0x0000000008001f84                I2C1_ER_IRQHandler
                0x0000000008001f84                DMA2_Stream6_IRQHandler
                0x0000000008001f84                DMA1_Stream3_IRQHandler
 *fill*         0x0000000008001f86        0x2 
 .text.HAL_Init
                0x0000000008001f88       0x44 Drivers/STM32F4xx_HAL_Driver/Src/stm32f4xx_hal.o
                0x0000000008001f88                HAL_Init
 .text.HAL_IncTick
                0x0000000008001fcc       0x28 Drivers/STM32F4xx_HAL_Driver/Src/stm32f4xx_hal.o
                0x0000000008001fcc                HAL_IncTick
 .text.HAL_GetTick
                0x0000000008001ff4       0x18 Drivers/STM32F4xx_HAL_Driver/Src/stm32f4xx_hal.o
                0x0000000008001ff4                HAL_GetTick
 .text.HAL_Delay
                0x000000000800200c       0x44 Drivers/STM32F4xx_HAL_Driver/Src/stm32f4xx_hal.o
                0x000000000800200c                HAL_Delay
 .text.HAL_ADC_Init
                0x0000000008002050       0x86 Drivers/STM32F4xx_HAL_Driver/Src/stm32f4xx_hal_adc.o
                0x0000000008002050                HAL_ADC_Init
 *fill*         0x00000000080020d6        0x2 
 .text.HAL_ADC_ConfigChannel
                0x00000000080020d8      0x244 Drivers/STM32F4xx_HAL_Driver/Src/stm32f4xx_hal_adc.o
                0x00000000080020d8                HAL_ADC_ConfigChannel
 .text.ADC_Init
                0x000000000800231c      0x1f8 Drivers/STM32F4xx_HAL_Driver/Src/stm32f4xx_hal_adc.o
 .text.__NVIC_SetPriorityGrouping
                0x0000000008002514       0x48 Drivers/STM32F4xx_HAL_Driver/Src/stm32f4xx_hal_cortex.o
 .text.__NVIC_GetPriorityGrouping
                0x000000000800255c       0x1c Drivers/STM32F4xx_HAL_Driver/Src/stm32f4xx_hal_cortex.o
 .text.__NVIC_EnableIRQ
                0x0000000008002578       0x3c Drivers/STM32F4xx_HAL_Driver/Src/stm32f4xx_hal_cortex.o
 .text.__NVIC_SetPriority
                0x00000000080025b4       0x54 Drivers/STM32F4xx_HAL_Driver/Src/stm32f4xx_hal_cortex.o
 .text.NVIC_EncodePriority
                0x0000000008002608       0x66 Drivers/STM32F4xx_HAL_Driver/Src/stm32f4xx_hal_cortex.o
 .text.HAL_NVIC_SetPriorityGrouping
                0x000000000800266e       0x16 Drivers/STM32F4xx_HAL_Driver/Src/stm32f4xx_hal_cortex.o
                0x000000000800266e                HAL_NVIC_SetPriorityGrouping
 .text.HAL_NVIC_SetPriority
                0x0000000008002684       0x38 Drivers/STM32F4xx_HAL_Driver/Src/stm32f4xx_hal_cortex.o
                0x0000000008002684                HAL_NVIC_SetPriority
 .text.HAL_NVIC_EnableIRQ
                0x00000000080026bc       0x1c Drivers/STM32F4xx_HAL_Driver/Src/stm32f4xx_hal_cortex.o
                0x00000000080026bc                HAL_NVIC_EnableIRQ
 .text.HAL_GPIO_Init
                0x00000000080026d8      0x334 Drivers/STM32F4xx_HAL_Driver/Src/stm32f4xx_hal_gpio.o
                0x00000000080026d8                HAL_GPIO_Init
 .text.HAL_GPIO_WritePin
                0x0000000008002a0c       0x32 Drivers/STM32F4xx_HAL_Driver/Src/stm32f4xx_hal_gpio.o
                0x0000000008002a0c                HAL_GPIO_WritePin
 *fill*         0x0000000008002a3e        0x2 
 .text.HAL_I2C_Init
                0x0000000008002a40      0x270 Drivers/STM32F4xx_HAL_Driver/Src/stm32f4xx_hal_i2c.o
                0x0000000008002a40                HAL_I2C_Init
 .text.HAL_PCD_Init
                0x0000000008002cb0      0x23a Drivers/STM32F4xx_HAL_Driver/Src/stm32f4xx_hal_pcd.o
                0x0000000008002cb0                HAL_PCD_Init
 .text.HAL_PCD_IRQHandler
                0x0000000008002eea      0x764 Drivers/STM32F4xx_HAL_Driver/Src/stm32f4xx_hal_pcd.o
                0x0000000008002eea                HAL_PCD_IRQHandler
 .text.HAL_PCD_DataOutStageCallback
                0x000000000800364e       0x18 Drivers/STM32F4xx_HAL_Driver/Src/stm32f4xx_hal_pcd.o
                0x000000000800364e                HAL_PCD_DataOutStageCallback
 .text.HAL_PCD_DataInStageCallback
                0x0000000008003666       0x18 Drivers/STM32F4xx_HAL_Driver/Src/stm32f4xx_hal_pcd.o
                0x0000000008003666                HAL_PCD_DataInStageCallback
 .text.HAL_PCD_SetupStageCallback
                0x000000000800367e       0x14 Drivers/STM32F4xx_HAL_Driver/Src/stm32f4xx_hal_pcd.o
                0x000000000800367e                HAL_PCD_SetupStageCallback
 .text.HAL_PCD_SOFCallback
                0x0000000008003692       0x14 Drivers/STM32F4xx_HAL_Driver/Src/stm32f4xx_hal_pcd.o
                0x0000000008003692                HAL_PCD_SOFCallback
 .text.HAL_PCD_ResetCallback
                0x00000000080036a6       0x14 Drivers/STM32F4xx_HAL_Driver/Src/stm32f4xx_hal_pcd.o
                0x00000000080036a6                HAL_PCD_ResetCallback
 .text.HAL_PCD_SuspendCallback
                0x00000000080036ba       0x14 Drivers/STM32F4xx_HAL_Driver/Src/stm32f4xx_hal_pcd.o
                0x00000000080036ba                HAL_PCD_SuspendCallback
 .text.HAL_PCD_ResumeCallback
                0x00000000080036ce       0x14 Drivers/STM32F4xx_HAL_Driver/Src/stm32f4xx_hal_pcd.o
                0x00000000080036ce                HAL_PCD_ResumeCallback
 .text.HAL_PCD_ISOOUTIncompleteCallback
                0x00000000080036e2       0x18 Drivers/STM32F4xx_HAL_Driver/Src/stm32f4xx_hal_pcd.o
                0x00000000080036e2                HAL_PCD_ISOOUTIncompleteCallback
 .text.HAL_PCD_ISOINIncompleteCallback
                0x00000000080036fa       0x18 Drivers/STM32F4xx_HAL_Driver/Src/stm32f4xx_hal_pcd.o
                0x00000000080036fa                HAL_PCD_ISOINIncompleteCallback
 .text.HAL_PCD_ConnectCallback
                0x0000000008003712       0x14 Drivers/STM32F4xx_HAL_Driver/Src/stm32f4xx_hal_pcd.o
                0x0000000008003712                HAL_PCD_ConnectCallback
 .text.HAL_PCD_DisconnectCallback
                0x0000000008003726       0x14 Drivers/STM32F4xx_HAL_Driver/Src/stm32f4xx_hal_pcd.o
                0x0000000008003726                HAL_PCD_DisconnectCallback
 .text.PCD_WriteEmptyTxFifo
                0x000000000800373a      0x11a Drivers/STM32F4xx_HAL_Driver/Src/stm32f4xx_hal_pcd.o
 .text.PCD_EP_OutXfrComplete_int
                0x0000000008003854      0x218 Drivers/STM32F4xx_HAL_Driver/Src/stm32f4xx_hal_pcd.o
 .text.PCD_EP_OutSetupPacket_int
                0x0000000008003a6c       0x8c Drivers/STM32F4xx_HAL_Driver/Src/stm32f4xx_hal_pcd.o
 .text.HAL_PCDEx_LPM_Callback
                0x0000000008003af8       0x18 Drivers/STM32F4xx_HAL_Driver/Src/stm32f4xx_hal_pcd_ex.o
                0x0000000008003af8                HAL_PCDEx_LPM_Callback
 .text.HAL_RCC_OscConfig
                0x0000000008003b10      0x4e0 Drivers/STM32F4xx_HAL_Driver/Src/stm32f4xx_hal_rcc.o
                0x0000000008003b10                HAL_RCC_OscConfig
 .text.HAL_RCC_ClockConfig
                0x0000000008003ff0      0x1cc Drivers/STM32F4xx_HAL_Driver/Src/stm32f4xx_hal_rcc.o
                0x0000000008003ff0                HAL_RCC_ClockConfig
 .text.HAL_RCC_GetSysClockFreq
                0x00000000080041bc      0x1b0 Drivers/STM32F4xx_HAL_Driver/Src/stm32f4xx_hal_rcc.o
                0x00000000080041bc                HAL_RCC_GetSysClockFreq
 .text.HAL_RCC_GetHCLKFreq
                0x000000000800436c       0x18 Drivers/STM32F4xx_HAL_Driver/Src/stm32f4xx_hal_rcc.o
                0x000000000800436c                HAL_RCC_GetHCLKFreq
 .text.HAL_RCC_GetPCLK1Freq
                0x0000000008004384       0x28 Drivers/STM32F4xx_HAL_Driver/Src/stm32f4xx_hal_rcc.o
                0x0000000008004384                HAL_RCC_GetPCLK1Freq
 .text.HAL_RCC_GetPCLK2Freq
                0x00000000080043ac       0x28 Drivers/STM32F4xx_HAL_Driver/Src/stm32f4xx_hal_rcc.o
                0x00000000080043ac                HAL_RCC_GetPCLK2Freq
 .text.HAL_RCC_GetClockConfig
                0x00000000080043d4       0x64 Drivers/STM32F4xx_HAL_Driver/Src/stm32f4xx_hal_rcc.o
                0x00000000080043d4                HAL_RCC_GetClockConfig
 .text.HAL_SPI_Init
                0x0000000008004438       0xc8 Drivers/STM32F4xx_HAL_Driver/Src/stm32f4xx_hal_spi.o
                0x0000000008004438                HAL_SPI_Init
 .text.HAL_TIM_Base_Init
                0x0000000008004500       0x56 Drivers/STM32F4xx_HAL_Driver/Src/stm32f4xx_hal_tim.o
                0x0000000008004500                HAL_TIM_Base_Init
 .text.HAL_TIM_Base_Start_IT
                0x0000000008004556       0x48 Drivers/STM32F4xx_HAL_Driver/Src/stm32f4xx_hal_tim.o
                0x0000000008004556                HAL_TIM_Base_Start_IT
 .text.HAL_TIM_PWM_Init
                0x000000000800459e       0x56 Drivers/STM32F4xx_HAL_Driver/Src/stm32f4xx_hal_tim.o
                0x000000000800459e                HAL_TIM_PWM_Init
 .text.HAL_TIM_PWM_Start
                0x00000000080045f4       0x7c Drivers/STM32F4xx_HAL_Driver/Src/stm32f4xx_hal_tim.o
                0x00000000080045f4                HAL_TIM_PWM_Start
 .text.HAL_TIM_PWM_Stop
                0x0000000008004670       0xb0 Drivers/STM32F4xx_HAL_Driver/Src/stm32f4xx_hal_tim.o
                0x0000000008004670                HAL_TIM_PWM_Stop
 .text.HAL_TIM_IRQHandler
                0x0000000008004720      0x210 Drivers/STM32F4xx_HAL_Driver/Src/stm32f4xx_hal_tim.o
                0x0000000008004720                HAL_TIM_IRQHandler
 .text.HAL_TIM_PWM_ConfigChannel
                0x0000000008004930      0x18c Drivers/STM32F4xx_HAL_Driver/Src/stm32f4xx_hal_tim.o
                0x0000000008004930                HAL_TIM_PWM_ConfigChannel
 .text.HAL_TIM_ConfigClockSource
                0x0000000008004abc      0x16e Drivers/STM32F4xx_HAL_Driver/Src/stm32f4xx_hal_tim.o
                0x0000000008004abc                HAL_TIM_ConfigClockSource
 .text.HAL_TIM_OC_DelayElapsedCallback
                0x0000000008004c2a       0x14 Drivers/STM32F4xx_HAL_Driver/Src/stm32f4xx_hal_tim.o
                0x0000000008004c2a                HAL_TIM_OC_DelayElapsedCallback
 .text.HAL_TIM_IC_CaptureCallback
                0x0000000008004c3e       0x14 Drivers/STM32F4xx_HAL_Driver/Src/stm32f4xx_hal_tim.o
                0x0000000008004c3e                HAL_TIM_IC_CaptureCallback
 .text.HAL_TIM_PWM_PulseFinishedCallback
                0x0000000008004c52       0x14 Drivers/STM32F4xx_HAL_Driver/Src/stm32f4xx_hal_tim.o
                0x0000000008004c52                HAL_TIM_PWM_PulseFinishedCallback
 .text.HAL_TIM_TriggerCallback
                0x0000000008004c66       0x14 Drivers/STM32F4xx_HAL_Driver/Src/stm32f4xx_hal_tim.o
                0x0000000008004c66                HAL_TIM_TriggerCallback
 *fill*         0x0000000008004c7a        0x2 
 .text.TIM_Base_SetConfig
                0x0000000008004c7c      0x140 Drivers/STM32F4xx_HAL_Driver/Src/stm32f4xx_hal_tim.o
                0x0000000008004c7c                TIM_Base_SetConfig
 .text.TIM_OC1_SetConfig
                0x0000000008004dbc       0xe0 Drivers/STM32F4xx_HAL_Driver/Src/stm32f4xx_hal_tim.o
 .text.TIM_OC2_SetConfig
                0x0000000008004e9c       0xec Drivers/STM32F4xx_HAL_Driver/Src/stm32f4xx_hal_tim.o
                0x0000000008004e9c                TIM_OC2_SetConfig
 .text.TIM_OC3_SetConfig
                0x0000000008004f88       0xe8 Drivers/STM32F4xx_HAL_Driver/Src/stm32f4xx_hal_tim.o
 .text.TIM_OC4_SetConfig
                0x0000000008005070       0xac Drivers/STM32F4xx_HAL_Driver/Src/stm32f4xx_hal_tim.o
 .text.TIM_TI1_ConfigInputStage
                0x000000000800511c       0x5e Drivers/STM32F4xx_HAL_Driver/Src/stm32f4xx_hal_tim.o
 .text.TIM_TI2_ConfigInputStage
                0x000000000800517a       0x60 Drivers/STM32F4xx_HAL_Driver/Src/stm32f4xx_hal_tim.o
 .text.TIM_ITRx_SetConfig
                0x00000000080051da       0x36 Drivers/STM32F4xx_HAL_Driver/Src/stm32f4xx_hal_tim.o
 .text.TIM_ETR_SetConfig
                0x0000000008005210       0x40 Drivers/STM32F4xx_HAL_Driver/Src/stm32f4xx_hal_tim.o
                0x0000000008005210                TIM_ETR_SetConfig
 .text.TIM_CCxChannelCmd
                0x0000000008005250       0x4a Drivers/STM32F4xx_HAL_Driver/Src/stm32f4xx_hal_tim.o
                0x0000000008005250                TIM_CCxChannelCmd
 *fill*         0x000000000800529a        0x2 
 .text.HAL_TIMEx_MasterConfigSynchronization
                0x000000000800529c       0xf8 Drivers/STM32F4xx_HAL_Driver/Src/stm32f4xx_hal_tim_ex.o
                0x000000000800529c                HAL_TIMEx_MasterConfigSynchronization
 .text.HAL_TIMEx_CommutCallback
                0x0000000008005394       0x14 Drivers/STM32F4xx_HAL_Driver/Src/stm32f4xx_hal_tim_ex.o
                0x0000000008005394                HAL_TIMEx_CommutCallback
 .text.HAL_TIMEx_BreakCallback
                0x00000000080053a8       0x14 Drivers/STM32F4xx_HAL_Driver/Src/stm32f4xx_hal_tim_ex.o
                0x00000000080053a8                HAL_TIMEx_BreakCallback
 .text.HAL_UART_Init
                0x00000000080053bc       0x9a Drivers/STM32F4xx_HAL_Driver/Src/stm32f4xx_hal_uart.o
                0x00000000080053bc                HAL_UART_Init
 *fill*         0x0000000008005456        0x2 
 .text.UART_SetConfig
                0x0000000008005458      0x6f8 Drivers/STM32F4xx_HAL_Driver/Src/stm32f4xx_hal_uart.o
 .text.USB_CoreInit
                0x0000000008005b50       0xc2 Drivers/STM32F4xx_HAL_Driver/Src/stm32f4xx_ll_usb.o
                0x0000000008005b50                USB_CoreInit
 *fill*         0x0000000008005c12        0x2 
 .text.USB_SetTurnaroundTime
                0x0000000008005c14      0x144 Drivers/STM32F4xx_HAL_Driver/Src/stm32f4xx_ll_usb.o
                0x0000000008005c14                USB_SetTurnaroundTime
 .text.USB_DisableGlobalInt
                0x0000000008005d58       0x22 Drivers/STM32F4xx_HAL_Driver/Src/stm32f4xx_ll_usb.o
                0x0000000008005d58                USB_DisableGlobalInt
 .text.USB_SetCurrentMode
                0x0000000008005d7a       0x54 Drivers/STM32F4xx_HAL_Driver/Src/stm32f4xx_ll_usb.o
                0x0000000008005d7a                USB_SetCurrentMode
 *fill*         0x0000000008005dce        0x2 
 .text.USB_DevInit
                0x0000000008005dd0      0x2c8 Drivers/STM32F4xx_HAL_Driver/Src/stm32f4xx_ll_usb.o
                0x0000000008005dd0                USB_DevInit
 .text.USB_FlushTxFifo
                0x0000000008006098       0x4c Drivers/STM32F4xx_HAL_Driver/Src/stm32f4xx_ll_usb.o
                0x0000000008006098                USB_FlushTxFifo
 .text.USB_FlushRxFifo
                0x00000000080060e4       0x44 Drivers/STM32F4xx_HAL_Driver/Src/stm32f4xx_ll_usb.o
                0x00000000080060e4                USB_FlushRxFifo
 .text.USB_SetDevSpeed
                0x0000000008006128       0x32 Drivers/STM32F4xx_HAL_Driver/Src/stm32f4xx_ll_usb.o
                0x0000000008006128                USB_SetDevSpeed
 .text.USB_GetDevSpeed
                0x000000000800615a       0x4a Drivers/STM32F4xx_HAL_Driver/Src/stm32f4xx_ll_usb.o
                0x000000000800615a                USB_GetDevSpeed
 .text.USB_WritePacket
                0x00000000080061a4       0x6a Drivers/STM32F4xx_HAL_Driver/Src/stm32f4xx_ll_usb.o
                0x00000000080061a4                USB_WritePacket
 .text.USB_ReadPacket
                0x000000000800620e       0x52 Drivers/STM32F4xx_HAL_Driver/Src/stm32f4xx_ll_usb.o
                0x000000000800620e                USB_ReadPacket
 .text.USB_DevDisconnect
                0x0000000008006260       0x42 Drivers/STM32F4xx_HAL_Driver/Src/stm32f4xx_ll_usb.o
                0x0000000008006260                USB_DevDisconnect
 .text.USB_ReadInterrupts
                0x00000000080062a2       0x26 Drivers/STM32F4xx_HAL_Driver/Src/stm32f4xx_ll_usb.o
                0x00000000080062a2                USB_ReadInterrupts
 .text.USB_ReadDevAllOutEpInterrupt
                0x00000000080062c8       0x34 Drivers/STM32F4xx_HAL_Driver/Src/stm32f4xx_ll_usb.o
                0x00000000080062c8                USB_ReadDevAllOutEpInterrupt
 .text.USB_ReadDevAllInEpInterrupt
                0x00000000080062fc       0x34 Drivers/STM32F4xx_HAL_Driver/Src/stm32f4xx_ll_usb.o
                0x00000000080062fc                USB_ReadDevAllInEpInterrupt
 .text.USB_ReadDevOutEPInterrupt
                0x0000000008006330       0x3c Drivers/STM32F4xx_HAL_Driver/Src/stm32f4xx_ll_usb.o
                0x0000000008006330                USB_ReadDevOutEPInterrupt
 .text.USB_ReadDevInEPInterrupt
                0x000000000800636c       0x5c Drivers/STM32F4xx_HAL_Driver/Src/stm32f4xx_ll_usb.o
                0x000000000800636c                USB_ReadDevInEPInterrupt
 .text.USB_GetMode
                0x00000000080063c8       0x1c Drivers/STM32F4xx_HAL_Driver/Src/stm32f4xx_ll_usb.o
                0x00000000080063c8                USB_GetMode
 .text.USB_ActivateSetup
                0x00000000080063e4       0x46 Drivers/STM32F4xx_HAL_Driver/Src/stm32f4xx_ll_usb.o
                0x00000000080063e4                USB_ActivateSetup
 *fill*         0x000000000800642a        0x2 
 .text.USB_EP0_OutStart
                0x000000000800642c       0xbc Drivers/STM32F4xx_HAL_Driver/Src/stm32f4xx_ll_usb.o
                0x000000000800642c                USB_EP0_OutStart
 .text.USB_CoreReset
                0x00000000080064e8       0x68 Drivers/STM32F4xx_HAL_Driver/Src/stm32f4xx_ll_usb.o
 .text.SVC_Setup
                0x0000000008006550        0xe Middlewares/Third_Party/FreeRTOS/Source/CMSIS_RTOS_V2/cmsis_os2.o
 *fill*         0x000000000800655e        0x2 
 .text.osKernelInitialize
                0x0000000008006560       0x68 Middlewares/Third_Party/FreeRTOS/Source/CMSIS_RTOS_V2/cmsis_os2.o
                0x0000000008006560                osKernelInitialize
 .text.osKernelStart
                0x00000000080065c8       0x6c Middlewares/Third_Party/FreeRTOS/Source/CMSIS_RTOS_V2/cmsis_os2.o
                0x00000000080065c8                osKernelStart
 .text.osThreadNew
                0x0000000008006634      0x14c Middlewares/Third_Party/FreeRTOS/Source/CMSIS_RTOS_V2/cmsis_os2.o
                0x0000000008006634                osThreadNew
 .text.osDelay  0x0000000008006780       0x5c Middlewares/Third_Party/FreeRTOS/Source/CMSIS_RTOS_V2/cmsis_os2.o
                0x0000000008006780                osDelay
 .text.vApplicationGetIdleTaskMemory
                0x00000000080067dc       0x34 Middlewares/Third_Party/FreeRTOS/Source/CMSIS_RTOS_V2/cmsis_os2.o
                0x00000000080067dc                vApplicationGetIdleTaskMemory
 .text.vApplicationGetTimerTaskMemory
                0x0000000008006810       0x34 Middlewares/Third_Party/FreeRTOS/Source/CMSIS_RTOS_V2/cmsis_os2.o
                0x0000000008006810                vApplicationGetTimerTaskMemory
 .text.vListInitialise
                0x0000000008006844       0x40 Middlewares/Third_Party/FreeRTOS/Source/list.o
                0x0000000008006844                vListInitialise
 .text.vListInitialiseItem
                0x0000000008006884       0x1a Middlewares/Third_Party/FreeRTOS/Source/list.o
                0x0000000008006884                vListInitialiseItem
 .text.vListInsertEnd
                0x000000000800689e       0x48 Middlewares/Third_Party/FreeRTOS/Source/list.o
                0x000000000800689e                vListInsertEnd
 .text.vListInsert
                0x00000000080068e6       0x72 Middlewares/Third_Party/FreeRTOS/Source/list.o
                0x00000000080068e6                vListInsert
 .text.uxListRemove
                0x0000000008006958       0x54 Middlewares/Third_Party/FreeRTOS/Source/list.o
                0x0000000008006958                uxListRemove
 .text.xQueueGenericReset
                0x00000000080069ac       0xd0 Middlewares/Third_Party/FreeRTOS/Source/queue.o
                0x00000000080069ac                xQueueGenericReset
 .text.xQueueGenericCreateStatic
                0x0000000008006a7c       0xe6 Middlewares/Third_Party/FreeRTOS/Source/queue.o
                0x0000000008006a7c                xQueueGenericCreateStatic
 .text.prvInitialiseNewQueue
                0x0000000008006b62       0x46 Middlewares/Third_Party/FreeRTOS/Source/queue.o
 .text.xQueueGenericSend
                0x0000000008006ba8      0x1f4 Middlewares/Third_Party/FreeRTOS/Source/queue.o
                0x0000000008006ba8                xQueueGenericSend
 .text.xQueueGenericSendFromISR
                0x0000000008006d9c      0x128 Middlewares/Third_Party/FreeRTOS/Source/queue.o
                0x0000000008006d9c                xQueueGenericSendFromISR
 .text.xQueueReceive
                0x0000000008006ec4      0x1b8 Middlewares/Third_Party/FreeRTOS/Source/queue.o
                0x0000000008006ec4                xQueueReceive
 .text.prvCopyDataToQueue
                0x000000000800707c       0xd4 Middlewares/Third_Party/FreeRTOS/Source/queue.o
 .text.prvCopyDataFromQueue
                0x0000000008007150       0x4c Middlewares/Third_Party/FreeRTOS/Source/queue.o
 .text.prvUnlockQueue
                0x000000000800719c       0xa4 Middlewares/Third_Party/FreeRTOS/Source/queue.o
 .text.prvIsQueueEmpty
                0x0000000008007240       0x2c Middlewares/Third_Party/FreeRTOS/Source/queue.o
 .text.prvIsQueueFull
                0x000000000800726c       0x30 Middlewares/Third_Party/FreeRTOS/Source/queue.o
 .text.vQueueAddToRegistry
                0x000000000800729c       0x50 Middlewares/Third_Party/FreeRTOS/Source/queue.o
                0x000000000800729c                vQueueAddToRegistry
 .text.vQueueWaitForMessageRestricted
                0x00000000080072ec       0x68 Middlewares/Third_Party/FreeRTOS/Source/queue.o
                0x00000000080072ec                vQueueWaitForMessageRestricted
 .text.xTaskCreateStatic
                0x0000000008007354       0xb4 Middlewares/Third_Party/FreeRTOS/Source/tasks.o
                0x0000000008007354                xTaskCreateStatic
 .text.xTaskCreate
                0x0000000008007408       0x8a Middlewares/Third_Party/FreeRTOS/Source/tasks.o
                0x0000000008007408                xTaskCreate
 .text.prvInitialiseNewTask
                0x0000000008007492      0x122 Middlewares/Third_Party/FreeRTOS/Source/tasks.o
 .text.prvAddNewTaskToReadyList
                0x00000000080075b4       0xe0 Middlewares/Third_Party/FreeRTOS/Source/tasks.o
 .text.vTaskDelay
                0x0000000008007694       0x68 Middlewares/Third_Party/FreeRTOS/Source/tasks.o
                0x0000000008007694                vTaskDelay
 .text.vTaskStartScheduler
                0x00000000080076fc       0xc8 Middlewares/Third_Party/FreeRTOS/Source/tasks.o
                0x00000000080076fc                vTaskStartScheduler
 .text.vTaskSuspendAll
                0x00000000080077c4       0x1c Middlewares/Third_Party/FreeRTOS/Source/tasks.o
                0x00000000080077c4                vTaskSuspendAll
 .text.xTaskResumeAll
                0x00000000080077e0      0x138 Middlewares/Third_Party/FreeRTOS/Source/tasks.o
                0x00000000080077e0                xTaskResumeAll
 .text.xTaskGetTickCount
                0x0000000008007918       0x20 Middlewares/Third_Party/FreeRTOS/Source/tasks.o
                0x0000000008007918                xTaskGetTickCount
 .text.xTaskIncrementTick
                0x0000000008007938      0x170 Middlewares/Third_Party/FreeRTOS/Source/tasks.o
                0x0000000008007938                xTaskIncrementTick
 .text.vTaskSwitchContext
                0x0000000008007aa8       0xb8 Middlewares/Third_Party/FreeRTOS/Source/tasks.o
                0x0000000008007aa8                vTaskSwitchContext
 .text.vTaskPlaceOnEventList
                0x0000000008007b60       0x48 Middlewares/Third_Party/FreeRTOS/Source/tasks.o
                0x0000000008007b60                vTaskPlaceOnEventList
 .text.vTaskPlaceOnEventListRestricted
                0x0000000008007ba8       0x54 Middlewares/Third_Party/FreeRTOS/Source/tasks.o
                0x0000000008007ba8                vTaskPlaceOnEventListRestricted
 .text.xTaskRemoveFromEventList
                0x0000000008007bfc       0xc4 Middlewares/Third_Party/FreeRTOS/Source/tasks.o
                0x0000000008007bfc                xTaskRemoveFromEventList
 .text.vTaskInternalSetTimeOutState
                0x0000000008007cc0       0x2c Middlewares/Third_Party/FreeRTOS/Source/tasks.o
                0x0000000008007cc0                vTaskInternalSetTimeOutState
 .text.xTaskCheckForTimeOut
                0x0000000008007cec       0xc0 Middlewares/Third_Party/FreeRTOS/Source/tasks.o
                0x0000000008007cec                xTaskCheckForTimeOut
 .text.vTaskMissedYield
                0x0000000008007dac       0x18 Middlewares/Third_Party/FreeRTOS/Source/tasks.o
                0x0000000008007dac                vTaskMissedYield
 .text.prvIdleTask
                0x0000000008007dc4       0x30 Middlewares/Third_Party/FreeRTOS/Source/tasks.o
 .text.prvInitialiseTaskLists
                0x0000000008007df4       0x80 Middlewares/Third_Party/FreeRTOS/Source/tasks.o
 .text.prvCheckTasksWaitingTermination
                0x0000000008007e74       0x58 Middlewares/Third_Party/FreeRTOS/Source/tasks.o
 .text.prvDeleteTCB
                0x0000000008007ecc       0x5c Middlewares/Third_Party/FreeRTOS/Source/tasks.o
 .text.prvResetNextTaskUnblockTime
                0x0000000008007f28       0x40 Middlewares/Third_Party/FreeRTOS/Source/tasks.o
 .text.xTaskGetSchedulerState
                0x0000000008007f68       0x3c Middlewares/Third_Party/FreeRTOS/Source/tasks.o
                0x0000000008007f68                xTaskGetSchedulerState
 .text.xTaskPriorityDisinherit
                0x0000000008007fa4       0xd8 Middlewares/Third_Party/FreeRTOS/Source/tasks.o
                0x0000000008007fa4                xTaskPriorityDisinherit
 .text.prvAddCurrentTaskToDelayedList
                0x000000000800807c       0xa8 Middlewares/Third_Party/FreeRTOS/Source/tasks.o
 .text.xTimerCreateTimerTask
                0x0000000008008124       0x90 Middlewares/Third_Party/FreeRTOS/Source/timers.o
                0x0000000008008124                xTimerCreateTimerTask
 .text.xTimerGenericCommand
                0x00000000080081b4       0x98 Middlewares/Third_Party/FreeRTOS/Source/timers.o
                0x00000000080081b4                xTimerGenericCommand
 .text.prvProcessExpiredTimer
                0x000000000800824c       0x98 Middlewares/Third_Party/FreeRTOS/Source/timers.o
 .text.prvTimerTask
                0x00000000080082e4       0x24 Middlewares/Third_Party/FreeRTOS/Source/timers.o
 .text.prvProcessTimerOrBlockTask
                0x0000000008008308       0x9c Middlewares/Third_Party/FreeRTOS/Source/timers.o
 .text.prvGetNextExpireTime
                0x00000000080083a4       0x48 Middlewares/Third_Party/FreeRTOS/Source/timers.o
 .text.prvSampleTimeNow
                0x00000000080083ec       0x40 Middlewares/Third_Party/FreeRTOS/Source/timers.o
 .text.prvInsertTimerInActiveList
                0x000000000800842c       0x84 Middlewares/Third_Party/FreeRTOS/Source/timers.o
 .text.prvProcessReceivedCommands
                0x00000000080084b0      0x1b8 Middlewares/Third_Party/FreeRTOS/Source/timers.o
 .text.prvSwitchTimerLists
                0x0000000008008668       0xc8 Middlewares/Third_Party/FreeRTOS/Source/timers.o
 .text.prvCheckForValidListAndQueue
                0x0000000008008730       0x80 Middlewares/Third_Party/FreeRTOS/Source/timers.o
 .text.pxPortInitialiseStack
                0x00000000080087b0       0x68 Middlewares/Third_Party/FreeRTOS/Source/portable/GCC/ARM_CM4F/port.o
                0x00000000080087b0                pxPortInitialiseStack
 .text.prvTaskExitError
                0x0000000008008818       0x54 Middlewares/Third_Party/FreeRTOS/Source/portable/GCC/ARM_CM4F/port.o
 *fill*         0x000000000800886c        0x4 
 .text.SVC_Handler
                0x0000000008008870       0x28 Middlewares/Third_Party/FreeRTOS/Source/portable/GCC/ARM_CM4F/port.o
                0x0000000008008870                SVC_Handler
 .text.prvPortStartFirstTask
                0x0000000008008898       0x28 Middlewares/Third_Party/FreeRTOS/Source/portable/GCC/ARM_CM4F/port.o
 .text.xPortStartScheduler
                0x00000000080088c0      0x13c Middlewares/Third_Party/FreeRTOS/Source/portable/GCC/ARM_CM4F/port.o
                0x00000000080088c0                xPortStartScheduler
 .text.vPortEnterCritical
                0x00000000080089fc       0x5c Middlewares/Third_Party/FreeRTOS/Source/portable/GCC/ARM_CM4F/port.o
                0x00000000080089fc                vPortEnterCritical
 .text.vPortExitCritical
                0x0000000008008a58       0x50 Middlewares/Third_Party/FreeRTOS/Source/portable/GCC/ARM_CM4F/port.o
                0x0000000008008a58                vPortExitCritical
 *fill*         0x0000000008008aa8        0x8 
 .text.PendSV_Handler
                0x0000000008008ab0       0x68 Middlewares/Third_Party/FreeRTOS/Source/portable/GCC/ARM_CM4F/port.o
                0x0000000008008ab0                PendSV_Handler
 .text.SysTick_Handler
                0x0000000008008b18       0x40 Middlewares/Third_Party/FreeRTOS/Source/portable/GCC/ARM_CM4F/port.o
                0x0000000008008b18                SysTick_Handler
 .text.vPortSetupTimerInterrupt
                0x0000000008008b58       0x48 Middlewares/Third_Party/FreeRTOS/Source/portable/GCC/ARM_CM4F/port.o
                0x0000000008008b58                vPortSetupTimerInterrupt
 .text.vPortEnableVFP
                0x0000000008008ba0       0x14 Middlewares/Third_Party/FreeRTOS/Source/portable/GCC/ARM_CM4F/port.o
 .text.vPortValidateInterruptPriority
                0x0000000008008bb4       0x7c Middlewares/Third_Party/FreeRTOS/Source/portable/GCC/ARM_CM4F/port.o
                0x0000000008008bb4                vPortValidateInterruptPriority
 .text.pvPortMalloc
                0x0000000008008c30      0x184 Middlewares/Third_Party/FreeRTOS/Source/portable/MemMang/heap_4.o
                0x0000000008008c30                pvPortMalloc
 .text.vPortFree
                0x0000000008008db4       0xb0 Middlewares/Third_Party/FreeRTOS/Source/portable/MemMang/heap_4.o
                0x0000000008008db4                vPortFree
 .text.prvHeapInit
                0x0000000008008e64       0xc4 Middlewares/Third_Party/FreeRTOS/Source/portable/MemMang/heap_4.o
 .text.prvInsertBlockIntoFreeList
                0x0000000008008f28       0xb4 Middlewares/Third_Party/FreeRTOS/Source/portable/MemMang/heap_4.o
 .text.__libc_init_array
                0x0000000008008fdc       0x48 c:/st/stm32cubeide_1.3.0/stm32cubeide/plugins/com.st.stm32cube.ide.mcu.externaltools.gnu-tools-for-stm32.7-2018-q2-update.win32_1.4.0.202007081208/tools/bin/../lib/gcc/arm-none-eabi/7.3.1/../../../../arm-none-eabi/lib/thumb/v7e-m/fpv4-sp/hard\libc_nano.a(lib_a-init.o)
                0x0000000008008fdc                __libc_init_array
 .text.memcpy   0x0000000008009024       0x16 c:/st/stm32cubeide_1.3.0/stm32cubeide/plugins/com.st.stm32cube.ide.mcu.externaltools.gnu-tools-for-stm32.7-2018-q2-update.win32_1.4.0.202007081208/tools/bin/../lib/gcc/arm-none-eabi/7.3.1/../../../../arm-none-eabi/lib/thumb/v7e-m/fpv4-sp/hard\libc_nano.a(lib_a-memcpy-stub.o)
                0x0000000008009024                memcpy
 .text.memset   0x000000000800903a       0x10 c:/st/stm32cubeide_1.3.0/stm32cubeide/plugins/com.st.stm32cube.ide.mcu.externaltools.gnu-tools-for-stm32.7-2018-q2-update.win32_1.4.0.202007081208/tools/bin/../lib/gcc/arm-none-eabi/7.3.1/../../../../arm-none-eabi/lib/thumb/v7e-m/fpv4-sp/hard\libc_nano.a(lib_a-memset.o)
                0x000000000800903a                memset
 *(.glue_7)
 .glue_7        0x000000000800904a        0x0 linker stubs
 *(.glue_7t)
 .glue_7t       0x000000000800904a        0x0 linker stubs
 *(.eh_frame)
 *fill*         0x000000000800904a        0x2 
 .eh_frame      0x000000000800904c        0x0 c:/st/stm32cubeide_1.3.0/stm32cubeide/plugins/com.st.stm32cube.ide.mcu.externaltools.gnu-tools-for-stm32.7-2018-q2-update.win32_1.4.0.202007081208/tools/bin/../lib/gcc/arm-none-eabi/7.3.1/thumb/v7e-m/fpv4-sp/hard/crtbegin.o
 *(.init)
 .init          0x000000000800904c        0x4 c:/st/stm32cubeide_1.3.0/stm32cubeide/plugins/com.st.stm32cube.ide.mcu.externaltools.gnu-tools-for-stm32.7-2018-q2-update.win32_1.4.0.202007081208/tools/bin/../lib/gcc/arm-none-eabi/7.3.1/thumb/v7e-m/fpv4-sp/hard/crti.o
                0x000000000800904c                _init
 .init          0x0000000008009050        0x8 c:/st/stm32cubeide_1.3.0/stm32cubeide/plugins/com.st.stm32cube.ide.mcu.externaltools.gnu-tools-for-stm32.7-2018-q2-update.win32_1.4.0.202007081208/tools/bin/../lib/gcc/arm-none-eabi/7.3.1/thumb/v7e-m/fpv4-sp/hard/crtn.o
 *(.fini)
 .fini          0x0000000008009058        0x4 c:/st/stm32cubeide_1.3.0/stm32cubeide/plugins/com.st.stm32cube.ide.mcu.externaltools.gnu-tools-for-stm32.7-2018-q2-update.win32_1.4.0.202007081208/tools/bin/../lib/gcc/arm-none-eabi/7.3.1/thumb/v7e-m/fpv4-sp/hard/crti.o
                0x0000000008009058                _fini
 .fini          0x000000000800905c        0x8 c:/st/stm32cubeide_1.3.0/stm32cubeide/plugins/com.st.stm32cube.ide.mcu.externaltools.gnu-tools-for-stm32.7-2018-q2-update.win32_1.4.0.202007081208/tools/bin/../lib/gcc/arm-none-eabi/7.3.1/thumb/v7e-m/fpv4-sp/hard/crtn.o
                0x0000000008009064                . = ALIGN (0x4)
                0x0000000008009064                _etext = .

.vfp11_veneer   0x0000000008009064        0x0
 .vfp11_veneer  0x0000000008009064        0x0 linker stubs

.v4_bx          0x0000000008009064        0x0
 .v4_bx         0x0000000008009064        0x0 linker stubs

.iplt           0x0000000008009064        0x0
 .iplt          0x0000000008009064        0x0 c:/st/stm32cubeide_1.3.0/stm32cubeide/plugins/com.st.stm32cube.ide.mcu.externaltools.gnu-tools-for-stm32.7-2018-q2-update.win32_1.4.0.202007081208/tools/bin/../lib/gcc/arm-none-eabi/7.3.1/thumb/v7e-m/fpv4-sp/hard/crtbegin.o

.rodata         0x0000000008009064      0x1c8
                0x0000000008009064                . = ALIGN (0x4)
 *(.rodata)
 .rodata        0x0000000008009064       0x9b Core/Src/main.o
 *fill*         0x00000000080090ff        0x1 
 .rodata        0x0000000008009100        0x5 Middlewares/Third_Party/FreeRTOS/Source/tasks.o
 *fill*         0x0000000008009105        0x3 
 .rodata        0x0000000008009108        0xd Middlewares/Third_Party/FreeRTOS/Source/timers.o
 *(.rodata*)
 *fill*         0x0000000008009115        0x3 
 .rodata.defaultTask_attributes
                0x0000000008009118       0x24 Core/Src/main.o
                0x0000000008009118                defaultTask_attributes
 .rodata.Task1_attributes
                0x000000000800913c       0x24 Core/Src/main.o
                0x000000000800913c                Task1_attributes
 .rodata.Task2_attributes
                0x0000000008009160       0x24 Core/Src/main.o
                0x0000000008009160                Task2_attributes
 .rodata.Task3_attributes
                0x0000000008009184       0x24 Core/Src/main.o
                0x0000000008009184                Task3_attributes
 .rodata.Task4_attributes
                0x00000000080091a8       0x24 Core/Src/main.o
                0x00000000080091a8                Task4_attributes
 .rodata.Task5_attributes
                0x00000000080091cc       0x24 Core/Src/main.o
                0x00000000080091cc                Task5_attributes
 .rodata.Task6_attributes
                0x00000000080091f0       0x24 Core/Src/main.o
                0x00000000080091f0                Task6_attributes
 .rodata.AHBPrescTable
                0x0000000008009214       0x10 Core/Src/system_stm32f4xx.o
                0x0000000008009214                AHBPrescTable
 .rodata.APBPrescTable
                0x0000000008009224        0x8 Core/Src/system_stm32f4xx.o
                0x0000000008009224                APBPrescTable
                0x000000000800922c                . = ALIGN (0x4)

.ARM.extab      0x000000000800922c        0x0
                0x000000000800922c                . = ALIGN (0x4)
 *(.ARM.extab* .gnu.linkonce.armextab.*)
                0x000000000800922c                . = ALIGN (0x4)

.ARM            0x000000000800922c        0x8
                0x000000000800922c                . = ALIGN (0x4)
                0x000000000800922c                __exidx_start = .
 *(.ARM.exidx*)
 .ARM.exidx     0x000000000800922c        0x8 c:/st/stm32cubeide_1.3.0/stm32cubeide/plugins/com.st.stm32cube.ide.mcu.externaltools.gnu-tools-for-stm32.7-2018-q2-update.win32_1.4.0.202007081208/tools/bin/../lib/gcc/arm-none-eabi/7.3.1/thumb/v7e-m/fpv4-sp/hard\libgcc.a(_udivmoddi4.o)
                0x0000000008009234                __exidx_end = .
                0x0000000008009234                . = ALIGN (0x4)

.rel.dyn        0x0000000008009234        0x0
 .rel.iplt      0x0000000008009234        0x0 c:/st/stm32cubeide_1.3.0/stm32cubeide/plugins/com.st.stm32cube.ide.mcu.externaltools.gnu-tools-for-stm32.7-2018-q2-update.win32_1.4.0.202007081208/tools/bin/../lib/gcc/arm-none-eabi/7.3.1/thumb/v7e-m/fpv4-sp/hard/crtbegin.o

.preinit_array  0x0000000008009234        0x0
                0x0000000008009234                . = ALIGN (0x4)
                0x0000000008009234                PROVIDE (__preinit_array_start = .)
 *(.preinit_array*)
                0x0000000008009234                PROVIDE (__preinit_array_end = .)
                0x0000000008009234                . = ALIGN (0x4)

.init_array     0x0000000008009234        0x4
                0x0000000008009234                . = ALIGN (0x4)
                0x0000000008009234                PROVIDE (__init_array_start = .)
 *(SORT_BY_NAME(.init_array.*))
 *(.init_array*)
 .init_array    0x0000000008009234        0x4 c:/st/stm32cubeide_1.3.0/stm32cubeide/plugins/com.st.stm32cube.ide.mcu.externaltools.gnu-tools-for-stm32.7-2018-q2-update.win32_1.4.0.202007081208/tools/bin/../lib/gcc/arm-none-eabi/7.3.1/thumb/v7e-m/fpv4-sp/hard/crtbegin.o
                0x0000000008009238                PROVIDE (__init_array_end = .)
                0x0000000008009238                . = ALIGN (0x4)

.fini_array     0x0000000008009238        0x4
                0x0000000008009238                . = ALIGN (0x4)
                [!provide]                        PROVIDE (__fini_array_start = .)
 *(SORT_BY_NAME(.fini_array.*))
 *(.fini_array*)
 .fini_array    0x0000000008009238        0x4 c:/st/stm32cubeide_1.3.0/stm32cubeide/plugins/com.st.stm32cube.ide.mcu.externaltools.gnu-tools-for-stm32.7-2018-q2-update.win32_1.4.0.202007081208/tools/bin/../lib/gcc/arm-none-eabi/7.3.1/thumb/v7e-m/fpv4-sp/hard/crtbegin.o
                [!provide]                        PROVIDE (__fini_array_end = .)
                0x000000000800923c                . = ALIGN (0x4)
                0x000000000800923c                _sidata = LOADADDR (.data)

.data           0x0000000020000000       0x10 load address 0x000000000800923c
                0x0000000020000000                . = ALIGN (0x4)
                0x0000000020000000                _sdata = .
 *(.data)
 *(.data*)
 .data.SystemCoreClock
                0x0000000020000000        0x4 Core/Src/system_stm32f4xx.o
                0x0000000020000000                SystemCoreClock
 .data.uwTickPrio
                0x0000000020000004        0x4 Drivers/STM32F4xx_HAL_Driver/Src/stm32f4xx_hal.o
                0x0000000020000004                uwTickPrio
 .data.uwTickFreq
                0x0000000020000008        0x1 Drivers/STM32F4xx_HAL_Driver/Src/stm32f4xx_hal.o
                0x0000000020000008                uwTickFreq
 *fill*         0x0000000020000009        0x3 
 .data.uxCriticalNesting
                0x000000002000000c        0x4 Middlewares/Third_Party/FreeRTOS/Source/portable/GCC/ARM_CM4F/port.o
                0x0000000020000010                . = ALIGN (0x4)
                0x0000000020000010                _edata = .

.igot.plt       0x0000000020000010        0x0 load address 0x000000000800924c
 .igot.plt      0x0000000020000010        0x0 c:/st/stm32cubeide_1.3.0/stm32cubeide/plugins/com.st.stm32cube.ide.mcu.externaltools.gnu-tools-for-stm32.7-2018-q2-update.win32_1.4.0.202007081208/tools/bin/../lib/gcc/arm-none-eabi/7.3.1/thumb/v7e-m/fpv4-sp/hard/crtbegin.o
                0x0000000020000010                . = ALIGN (0x4)

.bss            0x0000000020000010     0x6208 load address 0x000000000800924c
                0x0000000020000010                _sbss = .
                0x0000000020000010                __bss_start__ = _sbss
 *(.bss)
 .bss           0x0000000020000010       0x1c c:/st/stm32cubeide_1.3.0/stm32cubeide/plugins/com.st.stm32cube.ide.mcu.externaltools.gnu-tools-for-stm32.7-2018-q2-update.win32_1.4.0.202007081208/tools/bin/../lib/gcc/arm-none-eabi/7.3.1/thumb/v7e-m/fpv4-sp/hard/crtbegin.o
 *(.bss*)
 .bss.KernelState
                0x000000002000002c        0x4 Middlewares/Third_Party/FreeRTOS/Source/CMSIS_RTOS_V2/cmsis_os2.o
 .bss.Idle_TCB  0x0000000020000030       0x60 Middlewares/Third_Party/FreeRTOS/Source/CMSIS_RTOS_V2/cmsis_os2.o
 .bss.Idle_Stack
                0x0000000020000090      0x200 Middlewares/Third_Party/FreeRTOS/Source/CMSIS_RTOS_V2/cmsis_os2.o
 .bss.Timer_TCB
                0x0000000020000290       0x60 Middlewares/Third_Party/FreeRTOS/Source/CMSIS_RTOS_V2/cmsis_os2.o
 .bss.Timer_Stack
                0x00000000200002f0      0x400 Middlewares/Third_Party/FreeRTOS/Source/CMSIS_RTOS_V2/cmsis_os2.o
 .bss.pxCurrentTCB
                0x00000000200006f0        0x4 Middlewares/Third_Party/FreeRTOS/Source/tasks.o
                0x00000000200006f0                pxCurrentTCB
 .bss.pxReadyTasksLists
                0x00000000200006f4      0x460 Middlewares/Third_Party/FreeRTOS/Source/tasks.o
 .bss.xDelayedTaskList1
                0x0000000020000b54       0x14 Middlewares/Third_Party/FreeRTOS/Source/tasks.o
 .bss.xDelayedTaskList2
                0x0000000020000b68       0x14 Middlewares/Third_Party/FreeRTOS/Source/tasks.o
 .bss.pxDelayedTaskList
                0x0000000020000b7c        0x4 Middlewares/Third_Party/FreeRTOS/Source/tasks.o
 .bss.pxOverflowDelayedTaskList
                0x0000000020000b80        0x4 Middlewares/Third_Party/FreeRTOS/Source/tasks.o
 .bss.xPendingReadyList
                0x0000000020000b84       0x14 Middlewares/Third_Party/FreeRTOS/Source/tasks.o
 .bss.xTasksWaitingTermination
                0x0000000020000b98       0x14 Middlewares/Third_Party/FreeRTOS/Source/tasks.o
 .bss.uxDeletedTasksWaitingCleanUp
                0x0000000020000bac        0x4 Middlewares/Third_Party/FreeRTOS/Source/tasks.o
 .bss.xSuspendedTaskList
                0x0000000020000bb0       0x14 Middlewares/Third_Party/FreeRTOS/Source/tasks.o
 .bss.uxCurrentNumberOfTasks
                0x0000000020000bc4        0x4 Middlewares/Third_Party/FreeRTOS/Source/tasks.o
 .bss.xTickCount
                0x0000000020000bc8        0x4 Middlewares/Third_Party/FreeRTOS/Source/tasks.o
 .bss.uxTopReadyPriority
                0x0000000020000bcc        0x4 Middlewares/Third_Party/FreeRTOS/Source/tasks.o
 .bss.xSchedulerRunning
                0x0000000020000bd0        0x4 Middlewares/Third_Party/FreeRTOS/Source/tasks.o
 .bss.uxPendedTicks
                0x0000000020000bd4        0x4 Middlewares/Third_Party/FreeRTOS/Source/tasks.o
 .bss.xYieldPending
                0x0000000020000bd8        0x4 Middlewares/Third_Party/FreeRTOS/Source/tasks.o
 .bss.xNumOfOverflows
                0x0000000020000bdc        0x4 Middlewares/Third_Party/FreeRTOS/Source/tasks.o
 .bss.uxTaskNumber
                0x0000000020000be0        0x4 Middlewares/Third_Party/FreeRTOS/Source/tasks.o
 .bss.xNextTaskUnblockTime
                0x0000000020000be4        0x4 Middlewares/Third_Party/FreeRTOS/Source/tasks.o
 .bss.xIdleTaskHandle
                0x0000000020000be8        0x4 Middlewares/Third_Party/FreeRTOS/Source/tasks.o
 .bss.uxSchedulerSuspended
                0x0000000020000bec        0x4 Middlewares/Third_Party/FreeRTOS/Source/tasks.o
 .bss.xActiveTimerList1
                0x0000000020000bf0       0x14 Middlewares/Third_Party/FreeRTOS/Source/timers.o
 .bss.xActiveTimerList2
                0x0000000020000c04       0x14 Middlewares/Third_Party/FreeRTOS/Source/timers.o
 .bss.pxCurrentTimerList
                0x0000000020000c18        0x4 Middlewares/Third_Party/FreeRTOS/Source/timers.o
 .bss.pxOverflowTimerList
                0x0000000020000c1c        0x4 Middlewares/Third_Party/FreeRTOS/Source/timers.o
 .bss.xTimerQueue
                0x0000000020000c20        0x4 Middlewares/Third_Party/FreeRTOS/Source/timers.o
 .bss.xTimerTaskHandle
                0x0000000020000c24        0x4 Middlewares/Third_Party/FreeRTOS/Source/timers.o
 .bss.xLastTime.6749
                0x0000000020000c28        0x4 Middlewares/Third_Party/FreeRTOS/Source/timers.o
 .bss.ucStaticTimerQueueStorage.6800
                0x0000000020000c2c       0xa0 Middlewares/Third_Party/FreeRTOS/Source/timers.o
 .bss.xStaticTimerQueue.6799
                0x0000000020000ccc       0x50 Middlewares/Third_Party/FreeRTOS/Source/timers.o
 .bss.ucMaxSysCallPriority
                0x0000000020000d1c        0x1 Middlewares/Third_Party/FreeRTOS/Source/portable/GCC/ARM_CM4F/port.o
 *fill*         0x0000000020000d1d        0x3 
 .bss.ulMaxPRIGROUPValue
                0x0000000020000d20        0x4 Middlewares/Third_Party/FreeRTOS/Source/portable/GCC/ARM_CM4F/port.o
 .bss.ucHeap    0x0000000020000d24     0x3c00 Middlewares/Third_Party/FreeRTOS/Source/portable/MemMang/heap_4.o
 .bss.xStart    0x0000000020004924        0x8 Middlewares/Third_Party/FreeRTOS/Source/portable/MemMang/heap_4.o
 .bss.pxEnd     0x000000002000492c        0x4 Middlewares/Third_Party/FreeRTOS/Source/portable/MemMang/heap_4.o
 .bss.xFreeBytesRemaining
                0x0000000020004930        0x4 Middlewares/Third_Party/FreeRTOS/Source/portable/MemMang/heap_4.o
 .bss.xMinimumEverFreeBytesRemaining
                0x0000000020004934        0x4 Middlewares/Third_Party/FreeRTOS/Source/portable/MemMang/heap_4.o
 .bss.xBlockAllocatedBit
                0x0000000020004938        0x4 Middlewares/Third_Party/FreeRTOS/Source/portable/MemMang/heap_4.o
 *(COMMON)
 COMMON         0x000000002000493c     0x1858 Core/Src/main.o
                0x000000002000493c                Task5Handle
                0x0000000020004940                RAD_PWR_ON
                0x000000002000494c                defaultTaskHandle
                0x0000000020004950                EX_GPIO2
                0x000000002000495c                CS_LORA
                0x0000000020004968                CS_PSD1_AMP
                0x0000000020004974                EXT_SPI_EN
                0x0000000020004980                hspi2
                0x00000000200049d8                Task4Buffer
                0x0000000020004bd8                Task2Buffer
                0x0000000020004dd8                Task1Buffer
                0x0000000020004fd8                CS_PSD2_AMP
                0x0000000020004fe4                TMTC_WD
                0x0000000020004ff0                PSD1_SEL1
                0x0000000020004ffc                huart3
                0x000000002000503c                SBD_PWR_ON
                0x0000000020005048                hi2c1
                0x000000002000509c                SDB_SER_RTS
                0x00000000200050a8                hpcd_USB_OTG_FS
                0x00000000200054b0                EN_ADC3
                0x00000000200054bc                TaskControlBlock
                0x000000002000551c                hi2c2
                0x0000000020005570                PWM_HEATER
                0x000000002000557c                RSBY_PWR_ON
                0x0000000020005588                INT_GYRO2
                0x0000000020005594                EX_GPIO3
                0x00000000200055a0                EN_ADC2
                0x00000000200055ac                DIR_Y_COIL
                0x00000000200055b8                PWM_Y_COIL
                0x00000000200055c4                htim3
                0x0000000020005604                hspi3
                0x000000002000565c                PWM_Z_COIL
                0x0000000020005668                RAD_RESET
                0x0000000020005674                Task5ControlBlock
                0x00000000200056d4                Task6Handle
                0x00000000200056d8                Task1Handle
                0x00000000200056dc                hadc1
                0x0000000020005724                GPS_PWR_ON
                0x0000000020005730                Task1ControlBlock
                0x0000000020005790                JTAG_TCK
                0x000000002000579c                CS_GYRO
                0x00000000200057a8                Task4Handle
                0x00000000200057ac                PSD1_SEL0
                0x00000000200057b8                RSBY_KEEP_EN
                0x00000000200057c4                huart1
                0x0000000020005804                CS_RADFET
                0x0000000020005810                Task4ControlBlock
                0x0000000020005870                CS_GYRO2
                0x000000002000587c                UHF_RESET
                0x0000000020005888                CS_NAND
                0x0000000020005894                PSD2_SEL1
                0x00000000200058a0                SDB_SER_NET
                0x00000000200058ac                EX_GPIO4
                0x00000000200058b8                EN_ADC1
                0x00000000200058c4                SDB_SER_DSR
                0x00000000200058d0                ANA_PWR_ON
                0x00000000200058dc                SDB_ON_OFF
                0x00000000200058e8                PWM_X_COIL
                0x00000000200058f4                SDB_SER_DCD
                0x0000000020005900                Task5Buffer
                0x0000000020005b00                DIR_Z_COIL
                0x0000000020005b0c                INT_GYRO1
                0x0000000020005b18                CS_FRAM
                0x0000000020005b24                Task3ControlBlock
                0x0000000020005b84                EX_GPIO1
                0x0000000020005b90                USB_VBUS
                0x0000000020005b9c                Task3Buffer
                0x0000000020005d9c                JTAG_TMS
                0x0000000020005da8                huart6
                0x0000000020005de8                Task3Handle
                0x0000000020005dec                Task2Handle
                0x0000000020005df0                SDB_SER_RI
                0x0000000020005dfc                TaskBuffer
                0x0000000020005ffc                Task2ControlBlock
                0x000000002000605c                hspi1
                0x00000000200060b4                htim2
                0x00000000200060f4                SDB_SER_CTS
                0x0000000020006100                huart2
                0x0000000020006140                PSD2_SEL0
                0x000000002000614c                DIR_X_COIL
                0x0000000020006158                RADFET_OWB
                0x0000000020006164                PGOOD
                0x0000000020006170                SDB_SER_DTR
                0x000000002000617c                WATCHDOG
                0x0000000020006188                CS_EEPROM
 COMMON         0x0000000020006194       0x40 Core/Src/stm32f4xx_hal_timebase_tim.o
                0x0000000020006194                htim6
 COMMON         0x00000000200061d4        0x4 Drivers/STM32F4xx_HAL_Driver/Src/stm32f4xx_hal.o
                0x00000000200061d4                uwTick
 COMMON         0x00000000200061d8       0x40 Middlewares/Third_Party/FreeRTOS/Source/queue.o
                0x00000000200061d8                xQueueRegistry
                0x0000000020006218                . = ALIGN (0x4)
                0x0000000020006218                _ebss = .
                0x0000000020006218                __bss_end__ = _ebss

._user_heap_stack
                0x0000000020006218      0x600 load address 0x000000000800924c
                0x0000000020006218                . = ALIGN (0x8)
                [!provide]                        PROVIDE (end = .)
                0x0000000020006218                PROVIDE (_end = .)
                0x0000000020006418                . = (. + _Min_Heap_Size)
 *fill*         0x0000000020006218      0x200 
                0x0000000020006818                . = (. + _Min_Stack_Size)
 *fill*         0x0000000020006418      0x400 
                0x0000000020006818                . = ALIGN (0x8)

/DISCARD/
 libc.a(*)
 libm.a(*)
 libgcc.a(*)

.ARM.attributes
                0x0000000000000000       0x30
 *(.ARM.attributes)
 .ARM.attributes
                0x0000000000000000       0x22 c:/st/stm32cubeide_1.3.0/stm32cubeide/plugins/com.st.stm32cube.ide.mcu.externaltools.gnu-tools-for-stm32.7-2018-q2-update.win32_1.4.0.202007081208/tools/bin/../lib/gcc/arm-none-eabi/7.3.1/thumb/v7e-m/fpv4-sp/hard/crti.o
 .ARM.attributes
                0x0000000000000022       0x34 c:/st/stm32cubeide_1.3.0/stm32cubeide/plugins/com.st.stm32cube.ide.mcu.externaltools.gnu-tools-for-stm32.7-2018-q2-update.win32_1.4.0.202007081208/tools/bin/../lib/gcc/arm-none-eabi/7.3.1/thumb/v7e-m/fpv4-sp/hard/crtbegin.o
 .ARM.attributes
                0x0000000000000056       0x39 Core/Src/main.o
 .ARM.attributes
                0x000000000000008f       0x39 Core/Src/stm32f4xx_hal_msp.o
 .ARM.attributes
                0x00000000000000c8       0x39 Core/Src/stm32f4xx_hal_timebase_tim.o
 .ARM.attributes
                0x0000000000000101       0x39 Core/Src/stm32f4xx_it.o
 .ARM.attributes
                0x000000000000013a       0x39 Core/Src/system_stm32f4xx.o
 .ARM.attributes
                0x0000000000000173       0x21 Core/Startup/startup_stm32f407vgtx.o
 .ARM.attributes
                0x0000000000000194       0x39 Drivers/STM32F4xx_HAL_Driver/Src/stm32f4xx_hal.o
 .ARM.attributes
                0x00000000000001cd       0x39 Drivers/STM32F4xx_HAL_Driver/Src/stm32f4xx_hal_adc.o
 .ARM.attributes
                0x0000000000000206       0x39 Drivers/STM32F4xx_HAL_Driver/Src/stm32f4xx_hal_cortex.o
 .ARM.attributes
                0x000000000000023f       0x39 Drivers/STM32F4xx_HAL_Driver/Src/stm32f4xx_hal_gpio.o
 .ARM.attributes
                0x0000000000000278       0x39 Drivers/STM32F4xx_HAL_Driver/Src/stm32f4xx_hal_i2c.o
 .ARM.attributes
                0x00000000000002b1       0x39 Drivers/STM32F4xx_HAL_Driver/Src/stm32f4xx_hal_pcd.o
 .ARM.attributes
                0x00000000000002ea       0x39 Drivers/STM32F4xx_HAL_Driver/Src/stm32f4xx_hal_pcd_ex.o
 .ARM.attributes
                0x0000000000000323       0x39 Drivers/STM32F4xx_HAL_Driver/Src/stm32f4xx_hal_rcc.o
 .ARM.attributes
                0x000000000000035c       0x39 Drivers/STM32F4xx_HAL_Driver/Src/stm32f4xx_hal_spi.o
 .ARM.attributes
                0x0000000000000395       0x39 Drivers/STM32F4xx_HAL_Driver/Src/stm32f4xx_hal_tim.o
 .ARM.attributes
                0x00000000000003ce       0x39 Drivers/STM32F4xx_HAL_Driver/Src/stm32f4xx_hal_tim_ex.o
 .ARM.attributes
                0x0000000000000407       0x39 Drivers/STM32F4xx_HAL_Driver/Src/stm32f4xx_hal_uart.o
 .ARM.attributes
                0x0000000000000440       0x39 Drivers/STM32F4xx_HAL_Driver/Src/stm32f4xx_ll_usb.o
 .ARM.attributes
                0x0000000000000479       0x39 Middlewares/Third_Party/FreeRTOS/Source/CMSIS_RTOS_V2/cmsis_os2.o
 .ARM.attributes
                0x00000000000004b2       0x39 Middlewares/Third_Party/FreeRTOS/Source/list.o
 .ARM.attributes
                0x00000000000004eb       0x39 Middlewares/Third_Party/FreeRTOS/Source/queue.o
 .ARM.attributes
                0x0000000000000524       0x39 Middlewares/Third_Party/FreeRTOS/Source/tasks.o
 .ARM.attributes
                0x000000000000055d       0x39 Middlewares/Third_Party/FreeRTOS/Source/timers.o
 .ARM.attributes
                0x0000000000000596       0x39 Middlewares/Third_Party/FreeRTOS/Source/portable/GCC/ARM_CM4F/port.o
 .ARM.attributes
                0x00000000000005cf       0x39 Middlewares/Third_Party/FreeRTOS/Source/portable/MemMang/heap_4.o
 .ARM.attributes
                0x0000000000000608       0x34 c:/st/stm32cubeide_1.3.0/stm32cubeide/plugins/com.st.stm32cube.ide.mcu.externaltools.gnu-tools-for-stm32.7-2018-q2-update.win32_1.4.0.202007081208/tools/bin/../lib/gcc/arm-none-eabi/7.3.1/../../../../arm-none-eabi/lib/thumb/v7e-m/fpv4-sp/hard\libc_nano.a(lib_a-init.o)
 .ARM.attributes
                0x000000000000063c       0x34 c:/st/stm32cubeide_1.3.0/stm32cubeide/plugins/com.st.stm32cube.ide.mcu.externaltools.gnu-tools-for-stm32.7-2018-q2-update.win32_1.4.0.202007081208/tools/bin/../lib/gcc/arm-none-eabi/7.3.1/../../../../arm-none-eabi/lib/thumb/v7e-m/fpv4-sp/hard\libc_nano.a(lib_a-memcpy-stub.o)
 .ARM.attributes
                0x0000000000000670       0x34 c:/st/stm32cubeide_1.3.0/stm32cubeide/plugins/com.st.stm32cube.ide.mcu.externaltools.gnu-tools-for-stm32.7-2018-q2-update.win32_1.4.0.202007081208/tools/bin/../lib/gcc/arm-none-eabi/7.3.1/../../../../arm-none-eabi/lib/thumb/v7e-m/fpv4-sp/hard\libc_nano.a(lib_a-memset.o)
 .ARM.attributes
                0x00000000000006a4       0x22 c:/st/stm32cubeide_1.3.0/stm32cubeide/plugins/com.st.stm32cube.ide.mcu.externaltools.gnu-tools-for-stm32.7-2018-q2-update.win32_1.4.0.202007081208/tools/bin/../lib/gcc/arm-none-eabi/7.3.1/thumb/v7e-m/fpv4-sp/hard\libgcc.a(_aeabi_uldivmod.o)
 .ARM.attributes
                0x00000000000006c6       0x34 c:/st/stm32cubeide_1.3.0/stm32cubeide/plugins/com.st.stm32cube.ide.mcu.externaltools.gnu-tools-for-stm32.7-2018-q2-update.win32_1.4.0.202007081208/tools/bin/../lib/gcc/arm-none-eabi/7.3.1/thumb/v7e-m/fpv4-sp/hard\libgcc.a(_udivmoddi4.o)
 .ARM.attributes
                0x00000000000006fa       0x22 c:/st/stm32cubeide_1.3.0/stm32cubeide/plugins/com.st.stm32cube.ide.mcu.externaltools.gnu-tools-for-stm32.7-2018-q2-update.win32_1.4.0.202007081208/tools/bin/../lib/gcc/arm-none-eabi/7.3.1/thumb/v7e-m/fpv4-sp/hard\libgcc.a(_dvmd_tls.o)
 .ARM.attributes
                0x000000000000071c       0x22 c:/st/stm32cubeide_1.3.0/stm32cubeide/plugins/com.st.stm32cube.ide.mcu.externaltools.gnu-tools-for-stm32.7-2018-q2-update.win32_1.4.0.202007081208/tools/bin/../lib/gcc/arm-none-eabi/7.3.1/thumb/v7e-m/fpv4-sp/hard/crtn.o
OUTPUT(TestFEES-FreeRtos- GPIOS-BUSSES-PWM.elf elf32-littlearm)

.debug_info     0x0000000000000000    0x21e28
 .debug_info    0x0000000000000000     0x353d Core/Src/main.o
 .debug_info    0x000000000000353d     0x1d9a Core/Src/stm32f4xx_hal_msp.o
 .debug_info    0x00000000000052d7      0xb2d Core/Src/stm32f4xx_hal_timebase_tim.o
 .debug_info    0x0000000000005e04      0xafc Core/Src/stm32f4xx_it.o
 .debug_info    0x0000000000006900      0x554 Core/Src/system_stm32f4xx.o
 .debug_info    0x0000000000006e54       0x22 Core/Startup/startup_stm32f407vgtx.o
 .debug_info    0x0000000000006e76      0x945 Drivers/STM32F4xx_HAL_Driver/Src/stm32f4xx_hal.o
 .debug_info    0x00000000000077bb      0xcee Drivers/STM32F4xx_HAL_Driver/Src/stm32f4xx_hal_adc.o
 .debug_info    0x00000000000084a9      0xe28 Drivers/STM32F4xx_HAL_Driver/Src/stm32f4xx_hal_cortex.o
 .debug_info    0x00000000000092d1      0x7b5 Drivers/STM32F4xx_HAL_Driver/Src/stm32f4xx_hal_gpio.o
 .debug_info    0x0000000000009a86     0x2426 Drivers/STM32F4xx_HAL_Driver/Src/stm32f4xx_hal_i2c.o
 .debug_info    0x000000000000beac     0x11ca Drivers/STM32F4xx_HAL_Driver/Src/stm32f4xx_hal_pcd.o
 .debug_info    0x000000000000d076      0x753 Drivers/STM32F4xx_HAL_Driver/Src/stm32f4xx_hal_pcd_ex.o
 .debug_info    0x000000000000d7c9      0x904 Drivers/STM32F4xx_HAL_Driver/Src/stm32f4xx_hal_rcc.o
 .debug_info    0x000000000000e0cd     0x163a Drivers/STM32F4xx_HAL_Driver/Src/stm32f4xx_hal_spi.o
 .debug_info    0x000000000000f707     0x24a9 Drivers/STM32F4xx_HAL_Driver/Src/stm32f4xx_hal_tim.o
 .debug_info    0x0000000000011bb0     0x1157 Drivers/STM32F4xx_HAL_Driver/Src/stm32f4xx_hal_tim_ex.o
 .debug_info    0x0000000000012d07     0x124c Drivers/STM32F4xx_HAL_Driver/Src/stm32f4xx_hal_uart.o
 .debug_info    0x0000000000013f53     0x18dd Drivers/STM32F4xx_HAL_Driver/Src/stm32f4xx_ll_usb.o
 .debug_info    0x0000000000015830     0x402c Middlewares/Third_Party/FreeRTOS/Source/CMSIS_RTOS_V2/cmsis_os2.o
 .debug_info    0x000000000001985c      0xacb Middlewares/Third_Party/FreeRTOS/Source/list.o
 .debug_info    0x000000000001a327     0x239c Middlewares/Third_Party/FreeRTOS/Source/queue.o
 .debug_info    0x000000000001c6c3     0x2b81 Middlewares/Third_Party/FreeRTOS/Source/tasks.o
 .debug_info    0x000000000001f244     0x1ac7 Middlewares/Third_Party/FreeRTOS/Source/timers.o
 .debug_info    0x0000000000020d0b      0x533 Middlewares/Third_Party/FreeRTOS/Source/portable/GCC/ARM_CM4F/port.o
 .debug_info    0x000000000002123e      0xbea Middlewares/Third_Party/FreeRTOS/Source/portable/MemMang/heap_4.o

.debug_abbrev   0x0000000000000000     0x3a57
 .debug_abbrev  0x0000000000000000      0x35b Core/Src/main.o
 .debug_abbrev  0x000000000000035b      0x24a Core/Src/stm32f4xx_hal_msp.o
 .debug_abbrev  0x00000000000005a5      0x19d Core/Src/stm32f4xx_hal_timebase_tim.o
 .debug_abbrev  0x0000000000000742      0x1a1 Core/Src/stm32f4xx_it.o
 .debug_abbrev  0x00000000000008e3      0x12b Core/Src/system_stm32f4xx.o
 .debug_abbrev  0x0000000000000a0e       0x12 Core/Startup/startup_stm32f407vgtx.o
 .debug_abbrev  0x0000000000000a20      0x1c7 Drivers/STM32F4xx_HAL_Driver/Src/stm32f4xx_hal.o
 .debug_abbrev  0x0000000000000be7      0x205 Drivers/STM32F4xx_HAL_Driver/Src/stm32f4xx_hal_adc.o
 .debug_abbrev  0x0000000000000dec      0x2fa Drivers/STM32F4xx_HAL_Driver/Src/stm32f4xx_hal_cortex.o
 .debug_abbrev  0x00000000000010e6      0x1c9 Drivers/STM32F4xx_HAL_Driver/Src/stm32f4xx_hal_gpio.o
 .debug_abbrev  0x00000000000012af      0x254 Drivers/STM32F4xx_HAL_Driver/Src/stm32f4xx_hal_i2c.o
 .debug_abbrev  0x0000000000001503      0x266 Drivers/STM32F4xx_HAL_Driver/Src/stm32f4xx_hal_pcd.o
 .debug_abbrev  0x0000000000001769      0x1cf Drivers/STM32F4xx_HAL_Driver/Src/stm32f4xx_hal_pcd_ex.o
 .debug_abbrev  0x0000000000001938      0x245 Drivers/STM32F4xx_HAL_Driver/Src/stm32f4xx_hal_rcc.o
 .debug_abbrev  0x0000000000001b7d      0x240 Drivers/STM32F4xx_HAL_Driver/Src/stm32f4xx_hal_spi.o
 .debug_abbrev  0x0000000000001dbd      0x230 Drivers/STM32F4xx_HAL_Driver/Src/stm32f4xx_hal_tim.o
 .debug_abbrev  0x0000000000001fed      0x21e Drivers/STM32F4xx_HAL_Driver/Src/stm32f4xx_hal_tim_ex.o
 .debug_abbrev  0x000000000000220b      0x242 Drivers/STM32F4xx_HAL_Driver/Src/stm32f4xx_hal_uart.o
 .debug_abbrev  0x000000000000244d      0x26d Drivers/STM32F4xx_HAL_Driver/Src/stm32f4xx_ll_usb.o
 .debug_abbrev  0x00000000000026ba      0x3c3 Middlewares/Third_Party/FreeRTOS/Source/CMSIS_RTOS_V2/cmsis_os2.o
 .debug_abbrev  0x0000000000002a7d      0x1cf Middlewares/Third_Party/FreeRTOS/Source/list.o
 .debug_abbrev  0x0000000000002c4c      0x336 Middlewares/Third_Party/FreeRTOS/Source/queue.o
 .debug_abbrev  0x0000000000002f82      0x350 Middlewares/Third_Party/FreeRTOS/Source/tasks.o
 .debug_abbrev  0x00000000000032d2      0x2d7 Middlewares/Third_Party/FreeRTOS/Source/timers.o
 .debug_abbrev  0x00000000000035a9      0x210 Middlewares/Third_Party/FreeRTOS/Source/portable/GCC/ARM_CM4F/port.o
 .debug_abbrev  0x00000000000037b9      0x29e Middlewares/Third_Party/FreeRTOS/Source/portable/MemMang/heap_4.o

.debug_aranges  0x0000000000000000     0x1cd0
 .debug_aranges
                0x0000000000000000      0x1c0 Core/Src/main.o
 .debug_aranges
                0x00000000000001c0       0x98 Core/Src/stm32f4xx_hal_msp.o
 .debug_aranges
                0x0000000000000258       0x30 Core/Src/stm32f4xx_hal_timebase_tim.o
 .debug_aranges
                0x0000000000000288       0x58 Core/Src/stm32f4xx_it.o
 .debug_aranges
                0x00000000000002e0       0x28 Core/Src/system_stm32f4xx.o
 .debug_aranges
                0x0000000000000308       0x28 Core/Startup/startup_stm32f407vgtx.o
 .debug_aranges
                0x0000000000000330       0xf0 Drivers/STM32F4xx_HAL_Driver/Src/stm32f4xx_hal.o
 .debug_aranges
                0x0000000000000420       0xe8 Drivers/STM32F4xx_HAL_Driver/Src/stm32f4xx_hal_adc.o
 .debug_aranges
                0x0000000000000508      0x118 Drivers/STM32F4xx_HAL_Driver/Src/stm32f4xx_hal_cortex.o
 .debug_aranges
                0x0000000000000620       0x58 Drivers/STM32F4xx_HAL_Driver/Src/stm32f4xx_hal_gpio.o
 .debug_aranges
                0x0000000000000678      0x2a0 Drivers/STM32F4xx_HAL_Driver/Src/stm32f4xx_hal_i2c.o
 .debug_aranges
                0x0000000000000918      0x138 Drivers/STM32F4xx_HAL_Driver/Src/stm32f4xx_hal_pcd.o
 .debug_aranges
                0x0000000000000a50       0x38 Drivers/STM32F4xx_HAL_Driver/Src/stm32f4xx_hal_pcd_ex.o
 .debug_aranges
                0x0000000000000a88       0x88 Drivers/STM32F4xx_HAL_Driver/Src/stm32f4xx_hal_rcc.o
 .debug_aranges
                0x0000000000000b10      0x1d0 Drivers/STM32F4xx_HAL_Driver/Src/stm32f4xx_hal_spi.o
 .debug_aranges
                0x0000000000000ce0      0x3a8 Drivers/STM32F4xx_HAL_Driver/Src/stm32f4xx_hal_tim.o
 .debug_aranges
                0x0000000000001088      0x150 Drivers/STM32F4xx_HAL_Driver/Src/stm32f4xx_hal_tim_ex.o
 .debug_aranges
                0x00000000000011d8      0x1d0 Drivers/STM32F4xx_HAL_Driver/Src/stm32f4xx_hal_uart.o
 .debug_aranges
                0x00000000000013a8      0x198 Drivers/STM32F4xx_HAL_Driver/Src/stm32f4xx_ll_usb.o
 .debug_aranges
                0x0000000000001540      0x228 Middlewares/Third_Party/FreeRTOS/Source/CMSIS_RTOS_V2/cmsis_os2.o
 .debug_aranges
                0x0000000000001768       0x40 Middlewares/Third_Party/FreeRTOS/Source/list.o
 .debug_aranges
                0x00000000000017a8      0x158 Middlewares/Third_Party/FreeRTOS/Source/queue.o
 .debug_aranges
                0x0000000000001900      0x218 Middlewares/Third_Party/FreeRTOS/Source/tasks.o
 .debug_aranges
                0x0000000000001b18       0xe8 Middlewares/Third_Party/FreeRTOS/Source/timers.o
 .debug_aranges
                0x0000000000001c00       0x80 Middlewares/Third_Party/FreeRTOS/Source/portable/GCC/ARM_CM4F/port.o
 .debug_aranges
                0x0000000000001c80       0x50 Middlewares/Third_Party/FreeRTOS/Source/portable/MemMang/heap_4.o

.debug_ranges   0x0000000000000000     0x1b60
 .debug_ranges  0x0000000000000000      0x1b0 Core/Src/main.o
 .debug_ranges  0x00000000000001b0       0x88 Core/Src/stm32f4xx_hal_msp.o
 .debug_ranges  0x0000000000000238       0x20 Core/Src/stm32f4xx_hal_timebase_tim.o
 .debug_ranges  0x0000000000000258       0x48 Core/Src/stm32f4xx_it.o
 .debug_ranges  0x00000000000002a0       0x18 Core/Src/system_stm32f4xx.o
 .debug_ranges  0x00000000000002b8       0x20 Core/Startup/startup_stm32f407vgtx.o
 .debug_ranges  0x00000000000002d8       0xe0 Drivers/STM32F4xx_HAL_Driver/Src/stm32f4xx_hal.o
 .debug_ranges  0x00000000000003b8       0xd8 Drivers/STM32F4xx_HAL_Driver/Src/stm32f4xx_hal_adc.o
 .debug_ranges  0x0000000000000490      0x108 Drivers/STM32F4xx_HAL_Driver/Src/stm32f4xx_hal_cortex.o
 .debug_ranges  0x0000000000000598       0x48 Drivers/STM32F4xx_HAL_Driver/Src/stm32f4xx_hal_gpio.o
 .debug_ranges  0x00000000000005e0      0x2b8 Drivers/STM32F4xx_HAL_Driver/Src/stm32f4xx_hal_i2c.o
 .debug_ranges  0x0000000000000898      0x128 Drivers/STM32F4xx_HAL_Driver/Src/stm32f4xx_hal_pcd.o
 .debug_ranges  0x00000000000009c0       0x28 Drivers/STM32F4xx_HAL_Driver/Src/stm32f4xx_hal_pcd_ex.o
 .debug_ranges  0x00000000000009e8       0x78 Drivers/STM32F4xx_HAL_Driver/Src/stm32f4xx_hal_rcc.o
 .debug_ranges  0x0000000000000a60      0x1c0 Drivers/STM32F4xx_HAL_Driver/Src/stm32f4xx_hal_spi.o
 .debug_ranges  0x0000000000000c20      0x398 Drivers/STM32F4xx_HAL_Driver/Src/stm32f4xx_hal_tim.o
 .debug_ranges  0x0000000000000fb8      0x140 Drivers/STM32F4xx_HAL_Driver/Src/stm32f4xx_hal_tim_ex.o
 .debug_ranges  0x00000000000010f8      0x1c0 Drivers/STM32F4xx_HAL_Driver/Src/stm32f4xx_hal_uart.o
 .debug_ranges  0x00000000000012b8      0x188 Drivers/STM32F4xx_HAL_Driver/Src/stm32f4xx_ll_usb.o
 .debug_ranges  0x0000000000001440      0x218 Middlewares/Third_Party/FreeRTOS/Source/CMSIS_RTOS_V2/cmsis_os2.o
 .debug_ranges  0x0000000000001658       0x30 Middlewares/Third_Party/FreeRTOS/Source/list.o
 .debug_ranges  0x0000000000001688      0x148 Middlewares/Third_Party/FreeRTOS/Source/queue.o
 .debug_ranges  0x00000000000017d0      0x208 Middlewares/Third_Party/FreeRTOS/Source/tasks.o
 .debug_ranges  0x00000000000019d8       0xd8 Middlewares/Third_Party/FreeRTOS/Source/timers.o
 .debug_ranges  0x0000000000001ab0       0x70 Middlewares/Third_Party/FreeRTOS/Source/portable/GCC/ARM_CM4F/port.o
 .debug_ranges  0x0000000000001b20       0x40 Middlewares/Third_Party/FreeRTOS/Source/portable/MemMang/heap_4.o

.debug_macro    0x0000000000000000     0x4a35
 .debug_macro   0x0000000000000000      0x4ac Core/Src/main.o
 .debug_macro   0x00000000000004ac      0x13d Core/Src/main.o
 .debug_macro   0x00000000000005e9       0x66 Core/Src/main.o
 .debug_macro   0x000000000000064f       0x74 Core/Src/main.o
 .debug_macro   0x00000000000006c3       0xdd Core/Src/main.o
 .debug_macro   0x00000000000007a0       0x18 Core/Src/main.o
 .debug_macro   0x00000000000007b8       0x46 Core/Src/main.o
 .debug_macro   0x00000000000007fe       0x3c Core/Src/main.o
 .debug_macro   0x000000000000083a       0x34 Core/Src/main.o
 .debug_macro   0x000000000000086e       0x16 Core/Src/main.o
 .debug_macro   0x0000000000000884       0x35 Core/Src/main.o
 .debug_macro   0x00000000000008b9       0x52 Core/Src/main.o
 .debug_macro   0x000000000000090b       0x1f Core/Src/main.o
 .debug_macro   0x000000000000092a       0x43 Core/Src/main.o
 .debug_macro   0x000000000000096d       0x20 Core/Src/main.o
 .debug_macro   0x000000000000098d      0x1a3 Core/Src/main.o
 .debug_macro   0x0000000000000b30      0x32a Core/Src/main.o
 .debug_macro   0x0000000000000e5a       0x16 Core/Src/main.o
 .debug_macro   0x0000000000000e70       0x29 Core/Src/main.o
 .debug_macro   0x0000000000000e99       0x10 Core/Src/main.o
 .debug_macro   0x0000000000000ea9       0x1c Core/Src/main.o
 .debug_macro   0x0000000000000ec5       0x52 Core/Src/main.o
 .debug_macro   0x0000000000000f17       0x40 Core/Src/main.o
 .debug_macro   0x0000000000000f57       0x10 Core/Src/main.o
 .debug_macro   0x0000000000000f67       0x40 Core/Src/main.o
 .debug_macro   0x0000000000000fa7       0xd7 Core/Src/main.o
 .debug_macro   0x000000000000107e       0x1c Core/Src/main.o
 .debug_macro   0x000000000000109a       0x3d Core/Src/main.o
 .debug_macro   0x00000000000010d7       0x16 Core/Src/main.o
 .debug_macro   0x00000000000010ed       0x10 Core/Src/main.o
 .debug_macro   0x00000000000010fd       0x10 Core/Src/main.o
 .debug_macro   0x000000000000110d       0x35 Core/Src/main.o
 .debug_macro   0x0000000000001142       0x2b Core/Src/main.o
 .debug_macro   0x000000000000116d      0x118 Core/Src/main.o
 .debug_macro   0x0000000000001285       0x16 Core/Src/main.o
 .debug_macro   0x000000000000129b       0x20 Core/Src/main.o
 .debug_macro   0x00000000000012bb      0x23e Core/Src/stm32f4xx_hal_msp.o
 .debug_macro   0x00000000000014f9      0x22f Core/Src/stm32f4xx_hal_timebase_tim.o
 .debug_macro   0x0000000000001728      0x248 Core/Src/stm32f4xx_it.o
 .debug_macro   0x0000000000001970      0x235 Core/Src/system_stm32f4xx.o
 .debug_macro   0x0000000000001ba5      0x28f Drivers/STM32F4xx_HAL_Driver/Src/stm32f4xx_hal.o
 .debug_macro   0x0000000000001e34      0x230 Drivers/STM32F4xx_HAL_Driver/Src/stm32f4xx_hal_adc.o
 .debug_macro   0x0000000000002064      0x22f Drivers/STM32F4xx_HAL_Driver/Src/stm32f4xx_hal_cortex.o
 .debug_macro   0x0000000000002293      0x265 Drivers/STM32F4xx_HAL_Driver/Src/stm32f4xx_hal_gpio.o
 .debug_macro   0x00000000000024f8      0x276 Drivers/STM32F4xx_HAL_Driver/Src/stm32f4xx_hal_i2c.o
 .debug_macro   0x000000000000276e      0x23b Drivers/STM32F4xx_HAL_Driver/Src/stm32f4xx_hal_pcd.o
 .debug_macro   0x00000000000029a9      0x22f Drivers/STM32F4xx_HAL_Driver/Src/stm32f4xx_hal_pcd_ex.o
 .debug_macro   0x0000000000002bd8      0x253 Drivers/STM32F4xx_HAL_Driver/Src/stm32f4xx_hal_rcc.o
 .debug_macro   0x0000000000002e2b      0x23e Drivers/STM32F4xx_HAL_Driver/Src/stm32f4xx_hal_spi.o
 .debug_macro   0x0000000000003069      0x230 Drivers/STM32F4xx_HAL_Driver/Src/stm32f4xx_hal_tim.o